Component: ARM Compiler 5.05 update 1 (build 106) Tool: armlink [4d0efa]

==============================================================================

Section Cross References

    startup_stm32f103xe.o(STACK) refers (Special) to heapauxi.o(.text) for __use_two_region_memory
    startup_stm32f103xe.o(HEAP) refers (Special) to heapauxi.o(.text) for __use_two_region_memory
    startup_stm32f103xe.o(RESET) refers (Special) to heapauxi.o(.text) for __use_two_region_memory
    startup_stm32f103xe.o(RESET) refers to startup_stm32f103xe.o(STACK) for __initial_sp
    startup_stm32f103xe.o(RESET) refers to startup_stm32f103xe.o(.text) for Reset_Handler
    startup_stm32f103xe.o(RESET) refers to stm32f1xx_it.o(i.NMI_Handler) for NMI_Handler
    startup_stm32f103xe.o(RESET) refers to stm32f1xx_it.o(i.HardFault_Handler) for HardFault_Handler
    startup_stm32f103xe.o(RESET) refers to stm32f1xx_it.o(i.MemManage_Handler) for MemManage_Handler
    startup_stm32f103xe.o(RESET) refers to stm32f1xx_it.o(i.BusFault_Handler) for BusFault_Handler
    startup_stm32f103xe.o(RESET) refers to stm32f1xx_it.o(i.UsageFault_Handler) for UsageFault_Handler
    startup_stm32f103xe.o(RESET) refers to port.o(.emb_text) for SVC_Handler
    startup_stm32f103xe.o(RESET) refers to stm32f1xx_it.o(i.DebugMon_Handler) for DebugMon_Handler
    startup_stm32f103xe.o(RESET) refers to stm32f1xx_it.o(i.SysTick_Handler) for SysTick_Handler
    startup_stm32f103xe.o(RESET) refers to stm32f1xx_it.o(i.USART1_IRQHandler) for USART1_IRQHandler
    startup_stm32f103xe.o(.text) refers (Special) to heapauxi.o(.text) for __use_two_region_memory
    startup_stm32f103xe.o(.text) refers to system_stm32f1xx.o(i.SystemInit) for SystemInit
    startup_stm32f103xe.o(.text) refers to __main.o(!!!main) for __main
    startup_stm32f103xe.o(.text) refers to startup_stm32f103xe.o(HEAP) for Heap_Mem
    startup_stm32f103xe.o(.text) refers to startup_stm32f103xe.o(STACK) for Stack_Mem
    freertos_main.o(i.FreeRTOS_Start) refers to tasks.o(i.xTaskCreate) for xTaskCreate
    freertos_main.o(i.FreeRTOS_Start) refers to tasks.o(i.vTaskStartScheduler) for vTaskStartScheduler
    freertos_main.o(i.FreeRTOS_Start) refers to freertos_main.o(.data) for .data
    freertos_main.o(i.FreeRTOS_Start) refers to freertos_main.o(i.start_task) for start_task
    freertos_main.o(i.Motor_Init) refers to stm32f1xx_hal_tim.o(i.HAL_TIM_PWM_Start) for HAL_TIM_PWM_Start
    freertos_main.o(i.Motor_Init) refers to tim.o(.bss) for htim3
    freertos_main.o(i.Motor_Speed_Set) refers to tim.o(.bss) for htim3
    freertos_main.o(i.PID_SingleLoop) refers to faddsub_clz.o(x$fpl$fsub) for __aeabi_fsub
    freertos_main.o(i.PID_SingleLoop) refers to fmul.o(x$fpl$fmul) for __aeabi_fmul
    freertos_main.o(i.PID_SingleLoop) refers to faddsub_clz.o(x$fpl$fadd) for __aeabi_fadd
    freertos_main.o(i.PID_SingleLoop) refers to frleqf.o(x$fpl$frleqf) for __aeabi_cfrcmple
    freertos_main.o(i.PID_SingleLoop) refers to fdiv.o(x$fpl$fdiv) for __aeabi_fdiv
    freertos_main.o(i.start_task) refers to tasks.o(i.xTaskCreate) for xTaskCreate
    freertos_main.o(i.start_task) refers to tasks.o(i.vTaskDelete) for vTaskDelete
    freertos_main.o(i.start_task) refers to freertos_main.o(.data) for .data
    freertos_main.o(i.start_task) refers to freertos_main.o(i.task1) for task1
    freertos_main.o(i.start_task) refers to freertos_main.o(i.task2) for task2
    freertos_main.o(i.start_task) refers to freertos_main.o(i.task3) for task3
    freertos_main.o(i.start_task) refers to freertos_main.o(i.task4) for task4
    freertos_main.o(i.task1) refers to _printf_percent.o(.ARM.Collect$$_printf_percent$$00000000) for _printf_percent
    freertos_main.o(i.task1) refers to _printf_f.o(.ARM.Collect$$_printf_percent$$00000003) for _printf_f
    freertos_main.o(i.task1) refers to printf1.o(x$fpl$printf1) for _printf_fp_dec
    freertos_main.o(i.task1) refers to mpu6050.o(i.MPU6050_init) for MPU6050_init
    freertos_main.o(i.task1) refers to mpu6050.o(i.MPU6050_Get_Angle_Plus) for MPU6050_Get_Angle_Plus
    freertos_main.o(i.task1) refers to f2d.o(x$fpl$f2d) for __aeabi_f2d
    freertos_main.o(i.task1) refers to dmul.o(x$fpl$dmul) for __aeabi_dmul
    freertos_main.o(i.task1) refers to d2f.o(x$fpl$d2f) for __aeabi_d2f
    freertos_main.o(i.task1) refers to noretval__2sprintf.o(.text) for __2sprintf
    freertos_main.o(i.task1) refers to strlen.o(.text) for strlen
    freertos_main.o(i.task1) refers to stm32f1xx_hal_uart.o(i.HAL_UART_Transmit) for HAL_UART_Transmit
    freertos_main.o(i.task1) refers to tasks.o(i.vTaskDelay) for vTaskDelay
    freertos_main.o(i.task1) refers to i2c.o(.bss) for hi2c2
    freertos_main.o(i.task1) refers to freertos_main.o(.data) for .data
    freertos_main.o(i.task1) refers to usart.o(.bss) for huart1
    freertos_main.o(i.task2) refers to freertos_main.o(i.Motor_Init) for Motor_Init
    freertos_main.o(i.task2) refers to tasks.o(i.vTaskDelay) for vTaskDelay
[...]
    __rt_entry_postli_1                      0x08000211   Thumb Code     0  __rtentry2.o(.ARM.Collect$$rtentry$$0000000C)
    __rt_exit                                0x08000219   Thumb Code     0  rtexit.o(.ARM.Collect$$rtexit$$00000000)
    __rt_exit_ls                             0x0800021b   Thumb Code     0  rtexit2.o(.ARM.Collect$$rtexit$$00000003)
    __rt_exit_prels_1                        0x0800021b   Thumb Code     0  rtexit2.o(.ARM.Collect$$rtexit$$00000002)
    __rt_exit_exit                           0x0800021f   Thumb Code     0  rtexit2.o(.ARM.Collect$$rtexit$$00000004)
    SVC_Handler                              0x08000225   Thumb Code    32  port.o(.emb_text)
    __asm___6_port_c_39a90d8d__prvStartFirstTask 0x08000249   Thumb Code    28  port.o(.emb_text)
    PendSV_Handler                           0x08000269   Thumb Code    72  port.o(.emb_text)
    vPortGetIPSR                             0x080002b5   Thumb Code     6  port.o(.emb_text)
    Reset_Handler                            0x080002bd   Thumb Code     8  startup_stm32f103xe.o(.text)
    ADC1_2_IRQHandler                        0x080002d7   Thumb Code     0  startup_stm32f103xe.o(.text)
    ADC3_IRQHandler                          0x080002d7   Thumb Code     0  startup_stm32f103xe.o(.text)
    CAN1_RX1_IRQHandler                      0x080002d7   Thumb Code     0  startup_stm32f103xe.o(.text)
    CAN1_SCE_IRQHandler                      0x080002d7   Thumb Code     0  startup_stm32f103xe.o(.text)
    DMA1_Channel1_IRQHandler                 0x080002d7   Thumb Code     0  startup_stm32f103xe.o(.text)
    DMA1_Channel2_IRQHandler                 0x080002d7   Thumb Code     0  startup_stm32f103xe.o(.text)
    DMA1_Channel3_IRQHandler                 0x080002d7   Thumb Code     0  startup_stm32f103xe.o(.text)
    DMA1_Channel4_IRQHandler                 0x080002d7   Thumb Code     0  startup_stm32f103xe.o(.text)
    DMA1_Channel5_IRQHandler                 0x080002d7   Thumb Code     0  startup_stm32f103xe.o(.text)
    DMA1_Channel6_IRQHandler                 0x080002d7   Thumb Code     0  startup_stm32f103xe.o(.text)
    DMA1_Channel7_IRQHandler                 0x080002d7   Thumb Code     0  startup_stm32f103xe.o(.text)
    DMA2_Channel1_IRQHandler                 0x080002d7   Thumb Code     0  startup_stm32f103xe.o(.text)
    DMA2_Channel2_IRQHandler                 0x080002d7   Thumb Code     0  startup_stm32f103xe.o(.text)
    DMA2_Channel3_IRQHandler                 0x080002d7   Thumb Code     0  startup_stm32f103xe.o(.text)
    DMA2_Channel4_5_IRQHandler               0x080002d7   Thumb Code     0  startup_stm32f103xe.o(.text)
    EXTI0_IRQHandler                         0x080002d7   Thumb Code     0  startup_stm32f103xe.o(.text)
    EXTI15_10_IRQHandler                     0x080002d7   Thumb Code     0  startup_stm32f103xe.o(.text)
    EXTI1_IRQHandler                         0x080002d7   Thumb Code     0  startup_stm32f103xe.o(.text)
    EXTI2_IRQHandler                         0x080002d7   Thumb Code     0  startup_stm32f103xe.o(.text)
    EXTI3_IRQHandler                         0x080002d7   Thumb Code     0  startup_stm32f103xe.o(.text)
    EXTI4_IRQHandler                         0x080002d7   Thumb Code     0  startup_stm32f103xe.o(.text)
    EXTI9_5_IRQHandler                       0x080002d7   Thumb Code     0  startup_stm32f103xe.o(.text)
    FLASH_IRQHandler                         0x080002d7   Thumb Code     0  startup_stm32f103xe.o(.text)
    FSMC_IRQHandler                          0x080002d7   Thumb Code     0  startup_stm32f103xe.o(.text)
    I2C1_ER_IRQHandler                       0x080002d7   Thumb Code     0  startup_stm32f103xe.o(.text)
    I2C1_EV_IRQHandler                       0x080002d7   Thumb Code     0  startup_stm32f103xe.o(.text)
    I2C2_ER_IRQHandler                       0x080002d7   Thumb Code     0  startup_stm32f103xe.o(.text)
    I2C2_EV_IRQHandler                       0x080002d7   Thumb Code     0  startup_stm32f103xe.o(.text)
    PVD_IRQHandler                           0x080002d7   Thumb Code     0  startup_stm32f103xe.o(.text)
    RCC_IRQHandler                           0x080002d7   Thumb Code     0  startup_stm32f103xe.o(.text)
    RTC_Alarm_IRQHandler                     0x080002d7   Thumb Code     0  startup_stm32f103xe.o(.text)
    RTC_IRQHandler                           0x080002d7   Thumb Code     0  startup_stm32f103xe.o(.text)
    SDIO_IRQHandler                          0x080002d7   Thumb Code     0  startup_stm32f103xe.o(.text)
    SPI1_IRQHandler                          0x080002d7   Thumb Code     0  startup_stm32f103xe.o(.text)
    SPI2_IRQHandler                          0x080002d7   Thumb Code     0  startup_stm32f103xe.o(.text)
    SPI3_IRQHandler                          0x080002d7   Thumb Code     0  startup_stm32f103xe.o(.text)
    TAMPER_IRQHandler                        0x080002d7   Thumb Code     0  startup_stm32f103xe.o(.text)
    TIM1_BRK_IRQHandler                      0x080002d7   Thumb Code     0  startup_stm32f103xe.o(.text)
    TIM1_CC_IRQHandler                       0x080002d7   Thumb Code     0  startup_stm32f103xe.o(.text)
    TIM1_TRG_COM_IRQHandler                  0x080002d7   Thumb Code     0  startup_stm32f103xe.o(.text)
    TIM1_UP_IRQHandler                       0x080002d7   Thumb Code     0  startup_stm32f103xe.o(.text)
    TIM2_IRQHandler                          0x080002d7   Thumb Code     0  startup_stm32f103xe.o(.text)
    TIM3_IRQHandler                          0x080002d7   Thumb Code     0  startup_stm32f103xe.o(.text)
    TIM4_IRQHandler                          0x080002d7   Thumb Code     0  startup_stm32f103xe.o(.text)
    TIM5_IRQHandler                          0x080002d7   Thumb Code     0  startup_stm32f103xe.o(.text)
    TIM6_IRQHandler                          0x080002d7   Thumb Code     0  startup_stm32f103xe.o(.text)
    TIM7_IRQHandler                          0x080002d7   Thumb Code     0  startup_stm32f103xe.o(.text)
    TIM8_BRK_IRQHandler                      0x080002d7   Thumb Code     0  startup_stm32f103xe.o(.text)
    TIM8_CC_IRQHandler                       0x080002d7   Thumb Code     0  startup_stm32f103xe.o(.text)
    TIM8_TRG_COM_IRQHandler                  0x080002d7   Thumb Code     0  startup_stm32f103xe.o(.text)
    TIM8_UP_IRQHandler                       0x080002d7   Thumb Code     0  startup_stm32f103xe.o(.text)
    UART4_IRQHandler                         0x080002d7   Thumb Code     0  startup_stm32f103xe.o(.text)
    UART5_IRQHandler                         0x080002d7   Thumb Code     0  startup_stm32f103xe.o(.text)
    USART2_IRQHandler                        0x080002d7   Thumb Code     0  startup_stm32f103xe.o(.text)
    USART3_IRQHandler                        0x080002d7   Thumb Code     0  startup_stm32f103xe.o(.text)
    USBWakeUp_IRQHandler                     0x080002d7   Thumb Code     0  startup_stm32f103xe.o(.text)
    USB_HP_CAN1_TX_IRQHandler                0x080002d7   Thumb Code     0  startup_stm32f103xe.o(.text)
    USB_LP_CAN1_RX0_IRQHandler               0x080002d7   Thumb Code     0  startup_stm32f103xe.o(.text)
    WWDG_IRQHandler                          0x080002d7   Thumb Code     0  startup_stm32f103xe.o(.text)
    __user_initial_stackheap                 0x080002d9   Thumb Code     0  startup_stm32f103xe.o(.text)
    __2sprintf                               0x080002fd   Thumb Code    34  noretval__2sprintf.o(.text)
    __2snprintf                              0x08000325   Thumb Code    48  noretval__2snprintf.o(.text)
    __printf                                 0x08000359   Thumb Code   270  __printf_wp.o(.text)
    strlen                                   0x08000467   Thumb Code    62  strlen.o(.text)
    __aeabi_memclr                           0x080004a5   Thumb Code     0  rt_memclr.o(.text)
    __rt_memclr                              0x080004a5   Thumb Code    68  rt_memclr.o(.text)
    _memset                                  0x080004a9   Thumb Code     0  rt_memclr.o(.text)
    __aeabi_memclr4                          0x080004e9   Thumb Code     0  rt_memclr_w.o(.text)
    __aeabi_memclr8                          0x080004e9   Thumb Code     0  rt_memclr_w.o(.text)
    __rt_memclr_w                            0x080004e9   Thumb Code    78  rt_memclr_w.o(.text)
    _memset_w                                0x080004ed   Thumb Code     0  rt_memclr_w.o(.text)
    __use_two_region_memory                  0x08000537   Thumb Code     2  heapauxi.o(.text)
    __rt_heap_escrow$2region                 0x08000539   Thumb Code     2  heapauxi.o(.text)
    __rt_heap_expand$2region                 0x0800053b   Thumb Code     2  heapauxi.o(.text)
    __read_errno                             0x0800053d   Thumb Code    10  _rserrno.o(.text)
    __set_errno                              0x08000547   Thumb Code    12  _rserrno.o(.text)
    __lib_sel_fp_printf                      0x08000553   Thumb Code     2  _printf_fp_dec.o(.text)
    _printf_fp_dec_real                      0x08000701   Thumb Code   620  _printf_fp_dec.o(.text)
    _printf_char_common                      0x08000977   Thumb Code    32  _printf_char_common.o(.text)
    _sputc                                   0x0800099d   Thumb Code    10  _sputc.o(.text)
    _snputc                                  0x080009a7   Thumb Code    16  _snputc.o(.text)
    __rt_locale                              0x080009b9   Thumb Code     8  rt_locale_intlibspace.o(.text)
    __aeabi_errno_addr                       0x080009c1   Thumb Code     8  rt_errno_addr_intlibspace.o(.text)
    __errno$intlibspace                      0x080009c1   Thumb Code     0  rt_errno_addr_intlibspace.o(.text)
    __rt_errno_addr$intlibspace              0x080009c1   Thumb Code     0  rt_errno_addr_intlibspace.o(.text)
    _ll_udiv10                               0x080009c9   Thumb Code   138  lludiv10.o(.text)
    _printf_fp_infnan                        0x08000a55   Thumb Code   112  _printf_fp_infnan.o(.text)
    _btod_etento                             0x08000ad5   Thumb Code   216  bigflt0.o(.text)
    __user_libspace                          0x08000bb1   Thumb Code     8  libspace.o(.text)
    __user_perproc_libspace                  0x08000bb1   Thumb Code     0  libspace.o(.text)
    __user_perthread_libspace                0x08000bb1   Thumb Code     0  libspace.o(.text)
    __user_setup_stackheap                   0x08000bb9   Thumb Code    74  sys_stackheap_outer.o(.text)
    exit                                     0x08000c03   Thumb Code    12  exit.o(.text)
    strcmp                                   0x08000c11   Thumb Code   128  strcmpv7m.o(.text)
    _sys_exit                                0x08000c91   Thumb Code     8  sys_exit.o(.text)
    __I$use$semihosting                      0x08000c9d   Thumb Code     0  use_no_semi.o(.text)
    __use_no_semihosting_swi                 0x08000c9d   Thumb Code     2  use_no_semi.o(.text)
    __semihosting_library_function           0x08000c9f   Thumb Code     0  indicate_semi.o(.text)
    _btod_d2e                                0x08000c9f   Thumb Code    62  btod.o(CL$$btod_d2e)
    _d2e_denorm_low                          0x08000cdd   Thumb Code    70  btod.o(CL$$btod_d2e_denorm_low)
    _d2e_norm_op1                            0x08000d23   Thumb Code    96  btod.o(CL$$btod_d2e_norm_op1)
    __btod_div_common                        0x08000d83   Thumb Code   696  btod.o(CL$$btod_div_common)
    _e2e                                     0x080010bb   Thumb Code   198  btod.o(CL$$btod_e2e)
    _btod_ediv                               0x08001181   Thumb Code    40  btod.o(CL$$btod_ediv)
    _btod_emul                               0x080011a9   Thumb Code    40  btod.o(CL$$btod_emul)
    __btod_mult_common                       0x080011d1   Thumb Code   580  btod.o(CL$$btod_mult_common)
    BusFault_Handler                         0x08001415   Thumb Code     2  stm32f1xx_it.o(i.BusFault_Handler)
    DebugMon_Handler                         0x08001417   Thumb Code     2  stm32f1xx_it.o(i.DebugMon_Handler)
    Error_Handler                            0x08001419   Thumb Code     4  main.o(i.Error_Handler)
    FreeRTOS_Start                           0x0800141d   Thumb Code    30  freertos_main.o(i.FreeRTOS_Start)
    HAL_DMA_Abort                            0x0800144d   Thumb Code    70  stm32f1xx_hal_dma.o(i.HAL_DMA_Abort)
    HAL_DMA_Abort_IT                         0x08001495   Thumb Code   296  stm32f1xx_hal_dma.o(i.HAL_DMA_Abort_IT)
    HAL_Delay                                0x080015c5   Thumb Code    32  stm32f1xx_hal.o(i.HAL_Delay)
    HAL_GPIO_Init                            0x080015e9   Thumb Code   462  stm32f1xx_hal_gpio.o(i.HAL_GPIO_Init)
    HAL_GPIO_ReadPin                         0x080017e1   Thumb Code    10  stm32f1xx_hal_gpio.o(i.HAL_GPIO_ReadPin)
    HAL_GPIO_WritePin                        0x080017eb   Thumb Code    10  stm32f1xx_hal_gpio.o(i.HAL_GPIO_WritePin)
    HAL_GetTick                              0x080017f5   Thumb Code     6  stm32f1xx_hal.o(i.HAL_GetTick)
    HAL_I2C_Init                             0x08001801   Thumb Code   376  stm32f1xx_hal_i2c.o(i.HAL_I2C_Init)
    HAL_I2C_Master_Transmit                  0x08001989   Thumb Code   290  stm32f1xx_hal_i2c.o(i.HAL_I2C_Master_Transmit)
    HAL_I2C_Mem_Read                         0x08001ab5   Thumb Code   586  stm32f1xx_hal_i2c.o(i.HAL_I2C_Mem_Read)
    HAL_I2C_Mem_Write                        0x08001d11   Thumb Code   294  stm32f1xx_hal_i2c.o(i.HAL_I2C_Mem_Write)
    HAL_I2C_MspInit                          0x08001e41   Thumb Code    82  i2c.o(i.HAL_I2C_MspInit)
    HAL_Init                                 0x08001ea1   Thumb Code    32  stm32f1xx_hal.o(i.HAL_Init)
    HAL_InitTick                             0x08001ec5   Thumb Code    54  stm32f1xx_hal.o(i.HAL_InitTick)
    HAL_MspInit                              0x08001f05   Thumb Code    52  stm32f1xx_hal_msp.o(i.HAL_MspInit)
    HAL_NVIC_EnableIRQ                       0x08001f41   Thumb Code    26  stm32f1xx_hal_cortex.o(i.HAL_NVIC_EnableIRQ)
    HAL_NVIC_SetPriority                     0x08001f5d   Thumb Code    60  stm32f1xx_hal_cortex.o(i.HAL_NVIC_SetPriority)
    HAL_NVIC_SetPriorityGrouping             0x08001f9d   Thumb Code    26  stm32f1xx_hal_cortex.o(i.HAL_NVIC_SetPriorityGrouping)
    HAL_RCC_ClockConfig                      0x08001fc1   Thumb Code   280  stm32f1xx_hal_rcc.o(i.HAL_RCC_ClockConfig)
    HAL_RCC_GetPCLK1Freq                     0x080020ed   Thumb Code    20  stm32f1xx_hal_rcc.o(i.HAL_RCC_GetPCLK1Freq)
    HAL_RCC_GetPCLK2Freq                     0x0800210d   Thumb Code    20  stm32f1xx_hal_rcc.o(i.HAL_RCC_GetPCLK2Freq)
    HAL_RCC_GetSysClockFreq                  0x0800212d   Thumb Code    58  stm32f1xx_hal_rcc.o(i.HAL_RCC_GetSysClockFreq)
    HAL_RCC_OscConfig                        0x08002179   Thumb Code   778  stm32f1xx_hal_rcc.o(i.HAL_RCC_OscConfig)
    HAL_SYSTICK_Config                       0x08002499   Thumb Code    40  stm32f1xx_hal_cortex.o(i.HAL_SYSTICK_Config)
    HAL_TIMEx_MasterConfigSynchronization    0x080024c1   Thumb Code   104  stm32f1xx_hal_tim_ex.o(i.HAL_TIMEx_MasterConfigSynchronization)
    HAL_TIM_Base_Init                        0x0800253d   Thumb Code    90  stm32f1xx_hal_tim.o(i.HAL_TIM_Base_Init)
    HAL_TIM_Base_MspInit                     0x08002599   Thumb Code    30  tim.o(i.HAL_TIM_Base_MspInit)
    HAL_TIM_Base_Start                       0x080025c1   Thumb Code    78  stm32f1xx_hal_tim.o(i.HAL_TIM_Base_Start)
    HAL_TIM_ConfigClockSource                0x08002625   Thumb Code   220  stm32f1xx_hal_tim.o(i.HAL_TIM_ConfigClockSource)
    HAL_TIM_MspPostInit                      0x08002701   Thumb Code   122  tim.o(i.HAL_TIM_MspPostInit)
    HAL_TIM_PWM_ConfigChannel                0x08002795   Thumb Code   204  stm32f1xx_hal_tim.o(i.HAL_TIM_PWM_ConfigChannel)
    HAL_TIM_PWM_Init                         0x08002861   Thumb Code    90  stm32f1xx_hal_tim.o(i.HAL_TIM_PWM_Init)
    HAL_TIM_PWM_MspInit                      0x080028bd   Thumb Code    52  tim.o(i.HAL_TIM_PWM_MspInit)
    HAL_TIM_PWM_Start                        0x080028fd   Thumb Code   160  stm32f1xx_hal_tim.o(i.HAL_TIM_PWM_Start)
    HAL_UARTEx_RxEventCallback               0x080029b1   Thumb Code     2  stm32f1xx_hal_uart.o(i.HAL_UARTEx_RxEventCallback)
    HAL_UART_ErrorCallback                   0x080029b3   Thumb Code     2  stm32f1xx_hal_uart.o(i.HAL_UART_ErrorCallback)
    HAL_UART_IRQHandler                      0x080029b5   Thumb Code   616  stm32f1xx_hal_uart.o(i.HAL_UART_IRQHandler)
    HAL_UART_Init                            0x08002c21   Thumb Code   100  stm32f1xx_hal_uart.o(i.HAL_UART_Init)
    HAL_UART_MspInit                         0x08002c85   Thumb Code   186  usart.o(i.HAL_UART_MspInit)
    HAL_UART_RxCpltCallback                  0x08002d51   Thumb Code     2  stm32f1xx_hal_uart.o(i.HAL_UART_RxCpltCallback)
    HAL_UART_Transmit                        0x08002d53   Thumb Code   160  stm32f1xx_hal_uart.o(i.HAL_UART_Transmit)
    HAL_UART_TxCpltCallback                  0x08002df3   Thumb Code     2  stm32f1xx_hal_uart.o(i.HAL_UART_TxCpltCallback)
    HardFault_Handler                        0x08002df5   Thumb Code     2  stm32f1xx_it.o(i.HardFault_Handler)
    MPU6050_Get_Angle_Plus                   0x080032d1   Thumb Code  1740  mpu6050.o(i.MPU6050_Get_Angle_Plus)
    MPU6050_Read_REG                         0x080039b5   Thumb Code    42  mpu6050.o(i.MPU6050_Read_REG)
    MPU6050_Write_REG                        0x08003a89   Thumb Code    34  mpu6050.o(i.MPU6050_Write_REG)
    MPU6050_init                             0x08003ab1   Thumb Code   124  mpu6050.o(i.MPU6050_init)
    MX_GPIO_Init                             0x08003b31   Thumb Code   134  gpio.o(i.MX_GPIO_Init)
    MX_I2C2_Init                             0x08003bc5   Thumb Code    50  i2c.o(i.MX_I2C2_Init)
    MX_TIM1_Init                             0x08003c05   Thumb Code    96  tim.o(i.MX_TIM1_Init)
    MX_TIM3_Init                             0x08003c6d   Thumb Code   154  tim.o(i.MX_TIM3_Init)
    MX_TIM4_Init                             0x08003d11   Thumb Code   122  tim.o(i.MX_TIM4_Init)
    MX_USART1_UART_Init                      0x08003d95   Thumb Code    48  usart.o(i.MX_USART1_UART_Init)
    MX_USART2_UART_Init                      0x08003dcd   Thumb Code    48  usart.o(i.MX_USART2_UART_Init)
    MemManage_Handler                        0x08003e05   Thumb Code     2  stm32f1xx_it.o(i.MemManage_Handler)
    Motor_Init                               0x08003e09   Thumb Code    84  freertos_main.o(i.Motor_Init)
    Motor_Speed_Set                          0x08003e65   Thumb Code   124  freertos_main.o(i.Motor_Speed_Set)
    NMI_Handler                              0x08003ee9   Thumb Code     2  stm32f1xx_it.o(i.NMI_Handler)
    PID_SingleLoop                           0x08003eeb   Thumb Code   162  freertos_main.o(i.PID_SingleLoop)
    SysTick_Handler                          0x08003f8d   Thumb Code    20  stm32f1xx_it.o(i.SysTick_Handler)
    SystemClock_Config                       0x08003fa1   Thumb Code    94  main.o(i.SystemClock_Config)
    SystemInit                               0x08003fff   Thumb Code     2  system_stm32f1xx.o(i.SystemInit)
    TIM_Base_SetConfig                       0x08004001   Thumb Code   134  stm32f1xx_hal_tim.o(i.TIM_Base_SetConfig)
    TIM_CCxChannelCmd                        0x0800409d   Thumb Code    26  stm32f1xx_hal_tim.o(i.TIM_CCxChannelCmd)
    TIM_ETR_SetConfig                        0x080040b7   Thumb Code    20  stm32f1xx_hal_tim.o(i.TIM_ETR_SetConfig)
    TIM_OC2_SetConfig                        0x0800413d   Thumb Code    98  stm32f1xx_hal_tim.o(i.TIM_OC2_SetConfig)
    USART1_IRQHandler                        0x080044f5   Thumb Code     6  stm32f1xx_it.o(i.USART1_IRQHandler)
    UsageFault_Handler                       0x08004501   Thumb Code     2  stm32f1xx_it.o(i.UsageFault_Handler)
    __ARM_fpclassify                         0x08004503   Thumb Code    40  fpclassify.o(i.__ARM_fpclassify)
    __ARM_fpclassifyf                        0x0800452b   Thumb Code    38  fpclassifyf.o(i.__ARM_fpclassifyf)
    __mathlib_flt_infnan                     0x08004571   Thumb Code     6  funder.o(i.__mathlib_flt_infnan)
    __mathlib_flt_infnan2                    0x08004577   Thumb Code     4  funder.o(i.__mathlib_flt_infnan2)
    __mathlib_flt_invalid                    0x0800457b   Thumb Code     8  funder.o(i.__mathlib_flt_invalid)
    __mathlib_flt_underflow                  0x08004583   Thumb Code    10  funder.o(i.__mathlib_flt_underflow)
    _is_digit                                0x0800458d   Thumb Code    14  __printf_wp.o(i._is_digit)
    asinf                                    0x0800459d   Thumb Code   254  asinf.o(i.asinf)
    atan2f                                   0x080046c1   Thumb Code   528  atan2f.o(i.atan2f)
    key_pd                                   0x0800491d   Thumb Code   226  key.o(i.key_pd)
    key_scan                                 0x08004a15   Thumb Code   144  key.o(i.key_scan)
    main                                     0x08004aad   Thumb Code    60  main.o(i.main)
    menu_clamp                               0x08004afd   Thumb Code    14  menu.o(i.menu_clamp)
    op_main                                  0x08004b11   Thumb Code   186  menu.o(i.op_main)
    op_power                                 0x08004c19   Thumb Code    38  menu.o(i.op_power)
    op_settings                              0x08004c4d   Thumb Code    26  menu.o(i.op_settings)
    pvPortMalloc                             0x08004f89   Thumb Code   146  heap_4.o(i.pvPortMalloc)
    pxPortInitialiseStack                    0x08005021   Thumb Code    32  port.o(i.pxPortInitialiseStack)
    sqrt                                     0x08005045   Thumb Code    76  sqrt.o(i.sqrt)
    sqrtf                                    0x08005091   Thumb Code    44  sqrtf.o(i.sqrtf)
    start_task                               0x080050bd   Thumb Code    94  freertos_main.o(i.start_task)
    task1                                    0x08005181   Thumb Code   160  freertos_main.o(i.task1)
    task2                                    0x08005241   Thumb Code   258  freertos_main.o(i.task2)
    task3                                    0x0800534d   Thumb Code    72  freertos_main.o(i.task3)
    task4                                    0x080053a9   Thumb Code     8  freertos_main.o(i.task4)
    test1                                    0x080053b1   Thumb Code    38  menu.o(i.test1)
    test2                                    0x080053e5   Thumb Code    38  menu.o(i.test2)
    u8g2_ClearBuffer                         0x08005419   Thumb Code    18  u8g2_buffer.o(i.u8g2_ClearBuffer)
    u8g2_DrawBox                             0x0800542b   Thumb Code    68  u8g2_box.o(i.u8g2_DrawBox)
    u8g2_DrawGlyph                           0x0800546f   Thumb Code   112  u8g2_font.o(i.u8g2_DrawGlyph)
    u8g2_DrawHVLine                          0x080054e1   Thumb Code   172  u8g2_hvline.o(i.u8g2_DrawHVLine)
    u8g2_DrawStr                             0x0800558d   Thumb Code    12  u8g2_font.o(i.u8g2_DrawStr)
    u8g2_IsIntersection                      0x0800559d   Thumb Code    48  u8g2_intersection.o(i.u8g2_IsIntersection)
    u8g2_SendBuffer                          0x080055cd   Thumb Code    18  u8g2_buffer.o(i.u8g2_SendBuffer)
    u8g2_SetFont                             0x080055df   Thumb Code    32  u8g2_font.o(i.u8g2_SetFont)
    u8g2_SetFontPosBaseline                  0x08005601   Thumb Code     6  u8g2_font.o(i.u8g2_SetFontPosBaseline)
    u8g2_SetMaxClipWindow                    0x0800560d   Thumb Code    28  u8g2_setup.o(i.u8g2_SetMaxClipWindow)
    u8g2_SetupBuffer                         0x08005629   Thumb Code    70  u8g2_setup.o(i.u8g2_SetupBuffer)
    u8g2_Setup_ssd1306_i2c_128x32_univision_f 0x08005671   Thumb Code    42  u8g2_d_setup.o(i.u8g2_Setup_ssd1306_i2c_128x32_univision_f)
    u8g2_UpdateRefHeight                     0x080056a9   Thumb Code    82  u8g2_font.o(i.u8g2_UpdateRefHeight)
    u8g2_add_vector_x                        0x080056fb   Thumb Code    28  u8g2_font.o(i.u8g2_add_vector_x)
    u8g2_add_vector_y                        0x08005717   Thumb Code    28  u8g2_font.o(i.u8g2_add_vector_y)
    u8g2_draw_hv_line_2dir                   0x080057dd   Thumb Code    18  u8g2_hvline.o(i.u8g2_draw_hv_line_2dir)
    u8g2_draw_l90_r0                         0x080057ef   Thumb Code    12  u8g2_setup.o(i.u8g2_draw_l90_r0)
    u8g2_font_calc_vref_font                 0x08005871   Thumb Code     4  u8g2_font.o(i.u8g2_font_calc_vref_font)
    u8g2_font_decode_get_signed_bits         0x08005875   Thumb Code    20  u8g2_font.o(i.u8g2_font_decode_get_signed_bits)
    u8g2_font_decode_get_unsigned_bits       0x08005889   Thumb Code    52  u8g2_font.o(i.u8g2_font_decode_get_unsigned_bits)
    u8g2_font_decode_glyph                   0x080058bd   Thumb Code   276  u8g2_font.o(i.u8g2_font_decode_glyph)
    u8g2_font_decode_len                     0x080059d1   Thumb Code   140  u8g2_font.o(i.u8g2_font_decode_len)
    u8g2_font_get_glyph_data                 0x08005a5d   Thumb Code   114  u8g2_font.o(i.u8g2_font_get_glyph_data)
    u8g2_is_intersection_decision_tree       0x08005b17   Thumb Code    24  u8g2_intersection.o(i.u8g2_is_intersection_decision_tree)
    u8g2_ll_hvline_vertical_top_lsb          0x08005b2f   Thumb Code   142  u8g2_ll_hvline.o(i.u8g2_ll_hvline_vertical_top_lsb)
    u8g2_m_16_4_f                            0x08005bbd   Thumb Code     8  u8g2_d_memory.o(i.u8g2_m_16_4_f)
    u8g2_read_font_info                      0x08005bc9   Thumb Code   106  u8g2_font.o(i.u8g2_read_font_info)
    u8g2_stm32_delay                         0x08005c81   Thumb Code    90  main.o(i.u8g2_stm32_delay)
    u8g2_update_dimension_r0                 0x08005d27   Thumb Code     4  u8g2_setup.o(i.u8g2_update_dimension_r0)
    u8g2_update_page_win_r0                  0x08005d2b   Thumb Code    34  u8g2_setup.o(i.u8g2_update_page_win_r0)
    u8x8_DrawTile                            0x08005d4d   Thumb Code    30  u8x8_display.o(i.u8x8_DrawTile)
    u8x8_InitDisplay                         0x08005d6b   Thumb Code    16  u8x8_display.o(i.u8x8_InitDisplay)
    u8x8_RefreshDisplay                      0x08005d7b   Thumb Code    16  u8x8_display.o(i.u8x8_RefreshDisplay)
    u8x8_SetPowerSave                        0x08005d8b   Thumb Code    16  u8x8_display.o(i.u8x8_SetPowerSave)
    u8x8_Setup                               0x08005d9b   Thumb Code    34  u8x8_setup.o(i.u8x8_Setup)
    u8x8_SetupDefaults                       0x08005dbd   Thumb Code    32  u8x8_setup.o(i.u8x8_SetupDefaults)
    u8x8_SetupMemory                         0x08005de1   Thumb Code    16  u8x8_display.o(i.u8x8_SetupMemory)
    u8x8_ascii_next                          0x08005df1   Thumb Code    14  u8x8_8x8.o(i.u8x8_ascii_next)
    u8x8_byte_EndTransfer                    0x08005dff   Thumb Code    16  u8x8_byte.o(i.u8x8_byte_EndTransfer)
    u8x8_byte_SendByte                       0x08005e0f   Thumb Code    14  u8x8_byte.o(i.u8x8_byte_SendByte)
    u8x8_byte_StartTransfer                  0x08005e1d   Thumb Code    16  u8x8_byte.o(i.u8x8_byte_StartTransfer)
    u8x8_byte_hw_i2c                         0x08005e2d   Thumb Code    88  u8x8_byte.o(i.u8x8_byte_hw_i2c)
    u8x8_cad_EndTransfer                     0x08005e91   Thumb Code    16  u8x8_cad.o(i.u8x8_cad_EndTransfer)
    u8x8_cad_SendArg                         0x08005ea1   Thumb Code    16  u8x8_cad.o(i.u8x8_cad_SendArg)
    u8x8_cad_SendCmd                         0x08005eb1   Thumb Code    16  u8x8_cad.o(i.u8x8_cad_SendCmd)
    u8x8_cad_SendData                        0x08005ec1   Thumb Code    16  u8x8_cad.o(i.u8x8_cad_SendData)
    u8x8_cad_SendSequence                    0x08005ed1   Thumb Code   104  u8x8_cad.o(i.u8x8_cad_SendSequence)
    u8x8_cad_StartTransfer                   0x08005f39   Thumb Code    16  u8x8_cad.o(i.u8x8_cad_StartTransfer)
    u8x8_cad_ssd13xx_fast_i2c                0x08005f49   Thumb Code   182  u8x8_cad.o(i.u8x8_cad_ssd13xx_fast_i2c)
    u8x8_d_helper_display_init               0x08006005   Thumb Code    96  u8x8_display.o(i.u8x8_d_helper_display_init)
    u8x8_d_helper_display_setup_memory       0x08006065   Thumb Code    10  u8x8_display.o(i.u8x8_d_helper_display_setup_memory)
    u8x8_d_ssd1306_128x32_univision          0x08006145   Thumb Code    24  u8x8_d_ssd1306_128x32.o(i.u8x8_d_ssd1306_128x32_univision)
    u8x8_dummy_cb                            0x08006161   Thumb Code     4  u8x8_setup.o(i.u8x8_dummy_cb)
    u8x8_gpio_call                           0x08006165   Thumb Code    12  u8x8_gpio.o(i.u8x8_gpio_call)
    u8x8_utf8_init                           0x0800619d   Thumb Code     8  u8x8_8x8.o(i.u8x8_utf8_init)
    uxListRemove                             0x080061a5   Thumb Code    38  list.o(i.uxListRemove)
    vListInitialise                          0x080061cb   Thumb Code    22  list.o(i.vListInitialise)
    vListInitialiseItem                      0x080061e1   Thumb Code     6  list.o(i.vListInitialiseItem)
    vListInsert                              0x080061e7   Thumb Code    48  list.o(i.vListInsert)
    vListInsertEnd                           0x08006217   Thumb Code    24  list.o(i.vListInsertEnd)
    vPortEnterCritical                       0x08006231   Thumb Code    24  port.o(i.vPortEnterCritical)
    vPortExitCritical                        0x0800624d   Thumb Code    16  port.o(i.vPortExitCritical)
    vPortFree                                0x08006261   Thumb Code    64  heap_4.o(i.vPortFree)
    vPortSetupTimerInterrupt                 0x080062a5   Thumb Code    20  port.o(i.vPortSetupTimerInterrupt)
    vTaskDelay                               0x080062bd   Thumb Code    44  tasks.o(i.vTaskDelay)
    vTaskDelete                              0x080062ed   Thumb Code   144  tasks.o(i.vTaskDelete)
    vTaskStartScheduler                      0x08006389   Thumb Code    64  tasks.o(i.vTaskStartScheduler)
    vTaskSuspendAll                          0x080063d9   Thumb Code    10  tasks.o(i.vTaskSuspendAll)
    vTaskSwitchContext                       0x080063e9   Thumb Code    60  tasks.o(i.vTaskSwitchContext)
    xPortStartScheduler                      0x0800642d   Thumb Code    38  port.o(i.xPortStartScheduler)
    xPortSysTickHandler                      0x0800645d   Thumb Code    38  port.o(i.xPortSysTickHandler)
    xTaskCreate                              0x08006489   Thumb Code    92  tasks.o(i.xTaskCreate)
    xTaskGetSchedulerState                   0x080064e5   Thumb Code    22  tasks.o(i.xTaskGetSchedulerState)
    xTaskIncrementTick                       0x08006501   Thumb Code   282  tasks.o(i.xTaskIncrementTick)
    xTaskResumeAll                           0x08006625   Thumb Code   266  tasks.o(i.xTaskResumeAll)
    _get_lc_numeric                          0x0800673d   Thumb Code    44  lc_numeric_c.o(locale$$code)
    __aeabi_d2f                              0x08006769   Thumb Code     0  d2f.o(x$fpl$d2f)
    _d2f                                     0x08006769   Thumb Code    98  d2f.o(x$fpl$d2f)
    __aeabi_dadd                             0x080067cd   Thumb Code     0  daddsub_clz.o(x$fpl$dadd)
    _dadd                                    0x080067cd   Thumb Code   332  daddsub_clz.o(x$fpl$dadd)
    __aeabi_ddiv                             0x0800691d   Thumb Code     0  ddiv.o(x$fpl$ddiv)
    _ddiv                                    0x0800691d   Thumb Code   552  ddiv.o(x$fpl$ddiv)
    __aeabi_dmul                             0x08006bcd   Thumb Code     0  dmul.o(x$fpl$dmul)
    _dmul                                    0x08006bcd   Thumb Code   332  dmul.o(x$fpl$dmul)
    __fpl_dnaninf                            0x08006d21   Thumb Code   156  dnaninf.o(x$fpl$dnaninf)
    __fpl_dretinf                            0x08006dbd   Thumb Code    12  dretinf.o(x$fpl$dretinf)
    _dsqrt                                   0x08006dc9   Thumb Code   456  dsqrt_noumaal.o(x$fpl$dsqrt)
    __aeabi_dsub                             0x08006f95   Thumb Code     0  daddsub_clz.o(x$fpl$dsub)
    _dsub                                    0x08006f95   Thumb Code   464  daddsub_clz.o(x$fpl$dsub)
    __aeabi_f2d                              0x08007169   Thumb Code     0  f2d.o(x$fpl$f2d)
    _f2d                                     0x08007169   Thumb Code    86  f2d.o(x$fpl$f2d)
    __aeabi_fadd                             0x080071c1   Thumb Code     0  faddsub_clz.o(x$fpl$fadd)
    _fadd                                    0x080071c1   Thumb Code   196  faddsub_clz.o(x$fpl$fadd)
    __fpl_fcheck_NaN1                        0x08007285   Thumb Code     6  fcheck1.o(x$fpl$fcheck1)
    __fpl_fcmp_Inf                           0x08007291   Thumb Code    24  fcmpi.o(x$fpl$fcmpinf)
    __aeabi_fdiv                             0x080072a9   Thumb Code     0  fdiv.o(x$fpl$fdiv)
    _fdiv                                    0x080072a9   Thumb Code   384  fdiv.o(x$fpl$fdiv)
    __aeabi_f2iz                             0x0800742d   Thumb Code     0  ffix.o(x$fpl$ffix)
    _ffix                                    0x0800742d   Thumb Code    54  ffix.o(x$fpl$ffix)
    __aeabi_f2uiz                            0x08007465   Thumb Code     0  ffixu.o(x$fpl$ffixu)
    _ffixu                                   0x08007465   Thumb Code    62  ffixu.o(x$fpl$ffixu)
    __aeabi_i2f                              0x080074a5   Thumb Code     0  fflt_clz.o(x$fpl$fflt)
    _fflt                                    0x080074a5   Thumb Code    48  fflt_clz.o(x$fpl$fflt)
    __aeabi_ui2f                             0x080074d5   Thumb Code     0  fflt_clz.o(x$fpl$ffltu)
    _ffltu                                   0x080074d5   Thumb Code    38  fflt_clz.o(x$fpl$ffltu)
    __aeabi_cfcmple                          0x080074fd   Thumb Code     0  fleqf.o(x$fpl$fleqf)
    _fcmple                                  0x080074fd   Thumb Code   104  fleqf.o(x$fpl$fleqf)
    __fpl_fcmple_InfNaN                      0x0800754f   Thumb Code     0  fleqf.o(x$fpl$fleqf)
    __aeabi_fmul                             0x08007565   Thumb Code     0  fmul.o(x$fpl$fmul)
    _fmul                                    0x08007565   Thumb Code   258  fmul.o(x$fpl$fmul)
    __fpl_fnaninf                            0x08007667   Thumb Code   140  fnaninf.o(x$fpl$fnaninf)
    __fpl_fretinf                            0x080076f3   Thumb Code    10  fretinf.o(x$fpl$fretinf)
    __aeabi_cfrcmple                         0x080076fd   Thumb Code     0  frleqf.o(x$fpl$frleqf)
    _frcmple                                 0x080076fd   Thumb Code    98  frleqf.o(x$fpl$frleqf)
    __aeabi_frsub                            0x0800775f   Thumb Code     0  faddsub_clz.o(x$fpl$frsb)
    _frsb                                    0x0800775f   Thumb Code    20  faddsub_clz.o(x$fpl$frsb)
    _fsqrt                                   0x08007775   Thumb Code   272  fsqrt.o(x$fpl$fsqrt)
    __aeabi_fsub                             0x08007885   Thumb Code     0  faddsub_clz.o(x$fpl$fsub)
    _fsub                                    0x08007885   Thumb Code   234  faddsub_clz.o(x$fpl$fsub)
    _printf_fp_dec                           0x0800796f   Thumb Code     4  printf1.o(x$fpl$printf1)
    __fpl_return_NaN                         0x08007973   Thumb Code   100  retnan.o(x$fpl$retnan)
    __ARM_scalbnf                            0x080079d7   Thumb Code    76  scalbnf.o(x$fpl$scalbnf)
    __fpl_cmpreturn                          0x08007a23   Thumb Code    48  trapv.o(x$fpl$trapveneer)
    __I$use$fp                               0x08007a52   Number         0  usenofp.o(x$fpl$usenofp)
    AHBPrescTable                            0x08007a64   Data          16  system_stm32f1xx.o(.constdata)
    APBPrescTable                            0x08007a74   Data           8  system_stm32f1xx.o(.constdata)
    menu_table                               0x08007a7c   Data          60  menu.o(.constdata)
    u8g2_font_6x10_tf                        0x08007ab8   Data        2000  u8g2_fonts.o(.constdata)
    u8g2_font_6x12_tf                        0x08008288   Data        1989  u8g2_fonts.o(.constdata)
    u8g2_cb_r0                               0x08008a50   Data          12  u8g2_setup.o(.constdata)
    Region$$Table$$Base                      0x08008bbc   Number         0  anon$$obj.o(Region$$Table)
    Region$$Table$$Limit                     0x08008bdc   Number         0  anon$$obj.o(Region$$Table)
    key_ts                                   0x20000000   Data           4  freertos_main.o(.data)
    Real_roll                                0x20000004   Data           4  freertos_main.o(.data)
    Real_pitch                               0x20000008   Data           4  freertos_main.o(.data)
    Real_yaw                                 0x2000000c   Data           4  freertos_main.o(.data)
    base_pwm                                 0x20000010   Data           4  freertos_main.o(.data)
    Departure_Flag                           0x20000014   Data           4  freertos_main.o(.data)
    start_task_handle                        0x20000018   Data           4  freertos_main.o(.data)
    task1_handle                             0x2000001c   Data           4  freertos_main.o(.data)
    task2_handle                             0x20000020   Data           4  freertos_main.o(.data)
    task3_handle                             0x20000024   Data           4  freertos_main.o(.data)
    task4_handle                             0x20000028   Data           4  freertos_main.o(.data)
    roll_pid                                 0x2000002c   Data          36  freertos_main.o(.data)
    yaw_pid                                  0x20000050   Data          36  freertos_main.o(.data)
    pitch_pid                                0x20000074   Data          36  freertos_main.o(.data)
    uwTickFreq                               0x20000098   Data           1  stm32f1xx_hal.o(.data)
    uwTickPrio                               0x2000009c   Data           4  stm32f1xx_hal.o(.data)
    uwTick                                   0x200000a0   Data           4  stm32f1xx_hal.o(.data)
    SystemCoreClock                          0x200000a4   Data           4  system_stm32f1xx.o(.data)
    menu_index                               0x200000a8   Data           1  menu.o(.data)
    Power_Grids                              0x200000ac   Data           4  menu.o(.data)
    Kp_y                                     0x200000b0   Data           4  ui_pid.o(.data)
    Ki_y                                     0x200000b4   Data           4  ui_pid.o(.data)
    Kd_y                                     0x200000b8   Data           4  ui_pid.o(.data)
    Kp_w                                     0x200000bc   Data           4  ui_pid.o(.data)
    Ki_w                                     0x200000c0   Data           4  ui_pid.o(.data)
    Kd_w                                     0x200000c4   Data           4  ui_pid.o(.data)
    aim_y                                    0x200000c8   Data           4  ui_pid.o(.data)
    cur_y                                    0x200000cc   Data           4  ui_pid.o(.data)
    vel_y                                    0x200000d0   Data           4  ui_pid.o(.data)
    aim_w                                    0x200000d4   Data           4  ui_pid.o(.data)
    cur_w                                    0x200000d8   Data           4  ui_pid.o(.data)
    vel_w                                    0x200000dc   Data           4  ui_pid.o(.data)
    integral_y                               0x200000e0   Data           4  ui_pid.o(.data)
    last_err_y                               0x200000e4   Data           4  ui_pid.o(.data)
    integral_w                               0x200000e8   Data           4  ui_pid.o(.data)
    last_err_w                               0x200000ec   Data           4  ui_pid.o(.data)
    MPU6050_I2C                              0x200000f4   Data           4  mpu6050.o(.data)
    ACC_abs                                  0x200000fc   Data           4  mpu6050.o(.data)
    pxCurrentTCB                             0x20000130   Data           4  tasks.o(.data)
    uxTopUsedPriority                        0x20000160   Data           4  tasks.o(.data)
    u8g2                                     0x2000019c   Data         148  main.o(.bss)
    hi2c2                                    0x20000230   Data          84  i2c.o(.bss)
    htim1                                    0x20000284   Data          72  tim.o(.bss)
    htim3                                    0x200002cc   Data          72  tim.o(.bss)
    htim4                                    0x20000314   Data          72  tim.o(.bss)
    huart1                                   0x2000035c   Data          72  usart.o(.bss)
    huart2                                   0x200003a4   Data          72  usart.o(.bss)
    key                                      0x200003ec   Data          12  key.o(.bss)
    __libspace_start                         0x20004ae0   Data          96  libspace.o(.bss)
    __temporary_stack_top$libspace           0x20004b40   Data           0  libspace.o(.bss)



==============================================================================

Memory Map of the image

  Image Entry point : 0x08000131

  Load Region LR_IROM1 (Base: 0x08000000, Size: 0x00008d94, Max: 0x00040000, ABSOLUTE, COMPRESSED[0x00008c50])

    Execution Region ER_IROM1 (Exec base: 0x08000000, Load base: 0x08000000, Size: 0x00008bf8, Max: 0x00040000, ABSOLUTE)

    Exec Addr    Load Addr    Size         Type   Attr      Idx    E Section Name        Object

    0x08000000   0x08000000   0x00000130   Data   RO            3    RESET               startup_stm32f103xe.o
    0x08000130   0x08000130   0x00000008   Code   RO         9326  * !!!main             c_w.l(__main.o)
    0x08000138   0x08000138   0x00000034   Code   RO         9711    !!!scatter          c_w.l(__scatter.o)
    0x0800016c   0x0800016c   0x0000005a   Code   RO         9709    !!dczerorl2         c_w.l(__dczerorl2.o)
    0x080001c6   0x080001c6   0x00000002   PAD
    0x080001c8   0x080001c8   0x0000001c   Code   RO         9713    !!handler_zi        c_w.l(__scatter_zi.o)
    0x080001e4   0x080001e4   0x00000000   Code   RO         9315    .ARM.Collect$$_printf_percent$$00000000  c_w.l(_printf_percent.o)
    0x080001e4   0x080001e4   0x00000006   Code   RO         9314    .ARM.Collect$$_printf_percent$$00000003  c_w.l(_printf_f.o)
    0x080001ea   0x080001ea   0x00000004   Code   RO         9423    .ARM.Collect$$_printf_percent$$00000017  c_w.l(_printf_percent_end.o)
    0x080001ee   0x080001ee   0x00000002   Code   RO         9579    .ARM.Collect$$libinit$$00000000  c_w.l(libinit.o)
    0x080001f0   0x080001f0   0x00000000   Code   RO         9581    .ARM.Collect$$libinit$$00000002  c_w.l(libinit2.o)
    0x080001f0   0x080001f0   0x00000000   Code   RO         9583    .ARM.Collect$$libinit$$00000004  c_w.l(libinit2.o)
    0x080001f0   0x080001f0   0x00000000   Code   RO         9586    .ARM.Collect$$libinit$$0000000A  c_w.l(libinit2.o)
    0x080001f0   0x080001f0   0x00000000   Code   RO         9588    .ARM.Collect$$libinit$$0000000C  c_w.l(libinit2.o)
    0x080001f0   0x080001f0   0x00000000   Code   RO         9590    .ARM.Collect$$libinit$$0000000E  c_w.l(libinit2.o)
    0x080001f0   0x080001f0   0x00000006   Code   RO         9591    .ARM.Collect$$libinit$$0000000F  c_w.l(libinit2.o)
    0x080001f6   0x080001f6   0x00000000   Code   RO         9593    .ARM.Collect$$libinit$$00000011  c_w.l(libinit2.o)
    0x080001f6   0x080001f6   0x00000000   Code   RO         9595    .ARM.Collect$$libinit$$00000013  c_w.l(libinit2.o)
    0x080001f6   0x080001f6   0x00000000   Code   RO         9597    .ARM.Collect$$libinit$$00000015  c_w.l(libinit2.o)
    0x080001f6   0x080001f6   0x0000000a   Code   RO         9598    .ARM.Collect$$libinit$$00000016  c_w.l(libinit2.o)
    0x08000200   0x08000200   0x00000000   Code   RO         9599    .ARM.Collect$$libinit$$00000017  c_w.l(libinit2.o)
    0x08000200   0x08000200   0x00000000   Code   RO         9601    .ARM.Collect$$libinit$$00000019  c_w.l(libinit2.o)
    0x08000200   0x08000200   0x00000000   Code   RO         9603    .ARM.Collect$$libinit$$0000001B  c_w.l(libinit2.o)
    0x08000200   0x08000200   0x00000000   Code   RO         9605    .ARM.Collect$$libinit$$0000001D  c_w.l(libinit2.o)
    0x08000200   0x08000200   0x00000000   Code   RO         9607    .ARM.Collect$$libinit$$0000001F  c_w.l(libinit2.o)
    0x08000200   0x08000200   0x00000000   Code   RO         9609    .ARM.Collect$$libinit$$00000021  c_w.l(libinit2.o)
    0x08000200   0x08000200   0x00000000   Code   RO         9611    .ARM.Collect$$libinit$$00000023  c_w.l(libinit2.o)
    0x08000200   0x08000200   0x00000000   Code   RO         9613    .ARM.Collect$$libinit$$00000025  c_w.l(libinit2.o)
    0x08000200   0x08000200   0x00000000   Code   RO         9617    .ARM.Collect$$libinit$$0000002C  c_w.l(libinit2.o)
    0x08000200   0x08000200   0x00000000   Code   RO         9619    .ARM.Collect$$libinit$$0000002E  c_w.l(libinit2.o)
    0x08000200   0x08000200   0x00000000   Code   RO         9621    .ARM.Collect$$libinit$$00000030  c_w.l(libinit2.o)
    0x08000200   0x08000200   0x00000000   Code   RO         9623    .ARM.Collect$$libinit$$00000032  c_w.l(libinit2.o)
    0x08000200   0x08000200   0x00000002   Code   RO         9624    .ARM.Collect$$libinit$$00000033  c_w.l(libinit2.o)
    0x08000202   0x08000202   0x00000002   Code   RO         9658    .ARM.Collect$$libshutdown$$00000000  c_w.l(libshutdown.o)
    0x08000204   0x08000204   0x00000000   Code   RO         9670    .ARM.Collect$$libshutdown$$00000003  c_w.l(libshutdown2.o)
    0x08000204   0x08000204   0x00000000   Code   RO         9673    .ARM.Collect$$libshutdown$$00000006  c_w.l(libshutdown2.o)
    0x08000204   0x08000204   0x00000000   Code   RO         9676    .ARM.Collect$$libshutdown$$00000009  c_w.l(libshutdown2.o)
    0x08000204   0x08000204   0x00000000   Code   RO         9678    .ARM.Collect$$libshutdown$$0000000B  c_w.l(libshutdown2.o)
    0x08000204   0x08000204   0x00000000   Code   RO         9681    .ARM.Collect$$libshutdown$$0000000E  c_w.l(libshutdown2.o)
    0x08000204   0x08000204   0x00000002   Code   RO         9682    .ARM.Collect$$libshutdown$$0000000F  c_w.l(libshutdown2.o)
    0x08000206   0x08000206   0x00000000   Code   RO         9412    .ARM.Collect$$rtentry$$00000000  c_w.l(__rtentry.o)
    0x08000206   0x08000206   0x00000000   Code   RO         9493    .ARM.Collect$$rtentry$$00000002  c_w.l(__rtentry2.o)
    0x08000206   0x08000206   0x00000006   Code   RO         9505    .ARM.Collect$$rtentry$$00000004  c_w.l(__rtentry4.o)
    0x0800020c   0x0800020c   0x00000000   Code   RO         9495    .ARM.Collect$$rtentry$$00000009  c_w.l(__rtentry2.o)
    0x0800020c   0x0800020c   0x00000004   Code   RO         9496    .ARM.Collect$$rtentry$$0000000A  c_w.l(__rtentry2.o)
    0x08000210   0x08000210   0x00000000   Code   RO         9498    .ARM.Collect$$rtentry$$0000000C  c_w.l(__rtentry2.o)
    0x08000210   0x08000210   0x00000008   Code   RO         9499    .ARM.Collect$$rtentry$$0000000D  c_w.l(__rtentry2.o)
    0x08000218   0x08000218   0x00000002   Code   RO         9629    .ARM.Collect$$rtexit$$00000000  c_w.l(rtexit.o)
    0x0800021a   0x0800021a   0x00000000   Code   RO         9636    .ARM.Collect$$rtexit$$00000002  c_w.l(rtexit2.o)
    0x0800021a   0x0800021a   0x00000004   Code   RO         9637    .ARM.Collect$$rtexit$$00000003  c_w.l(rtexit2.o)
    0x0800021e   0x0800021e   0x00000006   Code   RO         9638    .ARM.Collect$$rtexit$$00000004  c_w.l(rtexit2.o)
    0x08000224   0x08000224   0x00000096   Code   RO         4622    .emb_text           port.o
    0x080002ba   0x080002ba   0x00000002   PAD
    0x080002bc   0x080002bc   0x00000040   Code   RO            4    .text               startup_stm32f103xe.o
    0x080002fc   0x080002fc   0x00000028   Code   RO         9288    .text               c_w.l(noretval__2sprintf.o)
    0x08000324   0x08000324   0x00000034   Code   RO         9290    .text               c_w.l(noretval__2snprintf.o)
    0x08000358   0x08000358   0x0000010e   Code   RO         9302    .text               c_w.l(__printf_wp.o)
    0x08000466   0x08000466   0x0000003e   Code   RO         9316    .text               c_w.l(strlen.o)
    0x080004a4   0x080004a4   0x00000044   Code   RO         9320    .text               c_w.l(rt_memclr.o)
    0x080004e8   0x080004e8   0x0000004e   Code   RO         9322    .text               c_w.l(rt_memclr_w.o)
    0x08000536   0x08000536   0x00000006   Code   RO         9324    .text               c_w.l(heapauxi.o)
    0x0800053c   0x0800053c   0x00000016   Code   RO         9413    .text               c_w.l(_rserrno.o)
    0x08000552   0x08000552   0x0000041a   Code   RO         9415    .text               c_w.l(_printf_fp_dec.o)
    0x0800096c   0x0800096c   0x00000030   Code   RO         9417    .text               c_w.l(_printf_char_common.o)
    0x0800099c   0x0800099c   0x0000000a   Code   RO         9419    .text               c_w.l(_sputc.o)
    0x080009a6   0x080009a6   0x00000010   Code   RO         9421    .text               c_w.l(_snputc.o)
    0x080009b6   0x080009b6   0x00000002   PAD
    0x080009b8   0x080009b8   0x00000008   Code   RO         9510    .text               c_w.l(rt_locale_intlibspace.o)
    0x080009c0   0x080009c0   0x00000008   Code   RO         9515    .text               c_w.l(rt_errno_addr_intlibspace.o)
    0x080009c8   0x080009c8   0x0000008a   Code   RO         9517    .text               c_w.l(lludiv10.o)
    0x08000a52   0x08000a52   0x00000002   PAD
    0x08000a54   0x08000a54   0x00000080   Code   RO         9519    .text               c_w.l(_printf_fp_infnan.o)
    0x08000ad4   0x08000ad4   0x000000dc   Code   RO         9523    .text               c_w.l(bigflt0.o)
    0x08000bb0   0x08000bb0   0x00000008   Code   RO         9565    .text               c_w.l(libspace.o)
    0x08000bb8   0x08000bb8   0x0000004a   Code   RO         9568    .text               c_w.l(sys_stackheap_outer.o)
    0x08000c02   0x08000c02   0x0000000c   Code   RO         9570    .text               c_w.l(exit.o)
    0x08000c0e   0x08000c0e   0x00000002   PAD
    0x08000c10   0x08000c10   0x00000080   Code   RO         9572    .text               c_w.l(strcmpv7m.o)
    0x08000c90   0x08000c90   0x0000000c   Code   RO         9648    .text               c_w.l(sys_exit.o)
    0x08000c9c   0x08000c9c   0x00000002   Code   RO         9659    .text               c_w.l(use_no_semi.o)
    0x08000c9e   0x08000c9e   0x00000000   Code   RO         9661    .text               c_w.l(indicate_semi.o)
    0x08000c9e   0x08000c9e   0x0000003e   Code   RO         9526    CL$$btod_d2e        c_w.l(btod.o)
    0x08000cdc   0x08000cdc   0x00000046   Code   RO         9528    CL$$btod_d2e_denorm_low  c_w.l(btod.o)
    0x08000d22   0x08000d22   0x00000060   Code   RO         9527    CL$$btod_d2e_norm_op1  c_w.l(btod.o)
    0x08000d82   0x08000d82   0x00000338   Code   RO         9536    CL$$btod_div_common  c_w.l(btod.o)
    0x080010ba   0x080010ba   0x000000c6   Code   RO         9533    CL$$btod_e2e        c_w.l(btod.o)
    0x08001180   0x08001180   0x00000028   Code   RO         9530    CL$$btod_ediv       c_w.l(btod.o)
    0x080011a8   0x080011a8   0x00000028   Code   RO         9529    CL$$btod_emul       c_w.l(btod.o)
    0x080011d0   0x080011d0   0x00000244   Code   RO         9535    CL$$btod_mult_common  c_w.l(btod.o)
    0x08001414   0x08001414   0x00000002   Code   RO          499    i.BusFault_Handler  stm32f1xx_it.o
    0x08001416   0x08001416   0x00000002   Code   RO          500    i.DebugMon_Handler  stm32f1xx_it.o
    0x08001418   0x08001418   0x00000004   Code   RO          264    i.Error_Handler     main.o
    0x0800141c   0x0800141c   0x00000030   Code   RO           13    i.FreeRTOS_Start    freertos_main.o
    0x0800144c   0x0800144c   0x00000046   Code   RO         1447    i.HAL_DMA_Abort     stm32f1xx_hal_dma.o
    0x08001492   0x08001492   0x00000002   PAD
    0x08001494   0x08001494   0x00000130   Code   RO         1448    i.HAL_DMA_Abort_IT  stm32f1xx_hal_dma.o
    0x080015c4   0x080015c4   0x00000024   Code   RO         1073    i.HAL_Delay         stm32f1xx_hal.o
    0x080015e8   0x080015e8   0x000001f8   Code   RO         1383    i.HAL_GPIO_Init     stm32f1xx_hal_gpio.o
    0x080017e0   0x080017e0   0x0000000a   Code   RO         1385    i.HAL_GPIO_ReadPin  stm32f1xx_hal_gpio.o
    0x080017ea   0x080017ea   0x0000000a   Code   RO         1387    i.HAL_GPIO_WritePin  stm32f1xx_hal_gpio.o
    0x080017f4   0x080017f4   0x0000000c   Code   RO         1077    i.HAL_GetTick       stm32f1xx_hal.o
    0x08001800   0x08001800   0x00000188   Code   RO          640    i.HAL_I2C_Init      stm32f1xx_hal_i2c.o
    0x08001988   0x08001988   0x0000012c   Code   RO          653    i.HAL_I2C_Master_Transmit  stm32f1xx_hal_i2c.o
    0x08001ab4   0x08001ab4   0x0000025c   Code   RO          658    i.HAL_I2C_Mem_Read  stm32f1xx_hal_i2c.o
    0x08001d10   0x08001d10   0x00000130   Code   RO          661    i.HAL_I2C_Mem_Write  stm32f1xx_hal_i2c.o
    0x08001e40   0x08001e40   0x00000060   Code   RO          338    i.HAL_I2C_MspInit   i2c.o
    0x08001ea0   0x08001ea0   0x00000024   Code   RO         1084    i.HAL_Init          stm32f1xx_hal.o
    0x08001ec4   0x08001ec4   0x00000040   Code   RO         1085    i.HAL_InitTick      stm32f1xx_hal.o
    0x08001f04   0x08001f04   0x0000003c   Code   RO          569    i.HAL_MspInit       stm32f1xx_hal_msp.o
    0x08001f40   0x08001f40   0x0000001a   Code   RO         1543    i.HAL_NVIC_EnableIRQ  stm32f1xx_hal_cortex.o
    0x08001f5a   0x08001f5a   0x00000002   PAD
    0x08001f5c   0x08001f5c   0x00000040   Code   RO         1549    i.HAL_NVIC_SetPriority  stm32f1xx_hal_cortex.o
    0x08001f9c   0x08001f9c   0x00000024   Code   RO         1550    i.HAL_NVIC_SetPriorityGrouping  stm32f1xx_hal_cortex.o
    0x08001fc0   0x08001fc0   0x0000012c   Code   RO         1241    i.HAL_RCC_ClockConfig  stm32f1xx_hal_rcc.o
    0x080020ec   0x080020ec   0x00000020   Code   RO         1248    i.HAL_RCC_GetPCLK1Freq  stm32f1xx_hal_rcc.o
    0x0800210c   0x0800210c   0x00000020   Code   RO         1249    i.HAL_RCC_GetPCLK2Freq  stm32f1xx_hal_rcc.o
    0x0800212c   0x0800212c   0x0000004c   Code   RO         1250    i.HAL_RCC_GetSysClockFreq  stm32f1xx_hal_rcc.o
    0x08002178   0x08002178   0x00000320   Code   RO         1253    i.HAL_RCC_OscConfig  stm32f1xx_hal_rcc.o
    0x08002498   0x08002498   0x00000028   Code   RO         1554    i.HAL_SYSTICK_Config  stm32f1xx_hal_cortex.o
    0x080024c0   0x080024c0   0x0000007c   Code   RO         2768    i.HAL_TIMEx_MasterConfigSynchronization  stm32f1xx_hal_tim_ex.o
    0x0800253c   0x0800253c   0x0000005a   Code   RO         2045    i.HAL_TIM_Base_Init  stm32f1xx_hal_tim.o
    0x08002596   0x08002596   0x00000002   PAD
    0x08002598   0x08002598   0x00000028   Code   RO          380    i.HAL_TIM_Base_MspInit  tim.o
    0x080025c0   0x080025c0   0x00000064   Code   RO         2048    i.HAL_TIM_Base_Start  stm32f1xx_hal_tim.o
    0x08002624   0x08002624   0x000000dc   Code   RO         2054    i.HAL_TIM_ConfigClockSource  stm32f1xx_hal_tim.o
    0x08002700   0x08002700   0x00000094   Code   RO          381    i.HAL_TIM_MspPostInit  tim.o
    0x08002794   0x08002794   0x000000cc   Code   RO         2117    i.HAL_TIM_PWM_ConfigChannel  stm32f1xx_hal_tim.o
    0x08002860   0x08002860   0x0000005a   Code   RO         2120    i.HAL_TIM_PWM_Init  stm32f1xx_hal_tim.o
    0x080028ba   0x080028ba   0x00000002   PAD
    0x080028bc   0x080028bc   0x00000040   Code   RO          383    i.HAL_TIM_PWM_MspInit  tim.o
    0x080028fc   0x080028fc   0x000000b4   Code   RO         2125    i.HAL_TIM_PWM_Start  stm32f1xx_hal_tim.o
    0x080029b0   0x080029b0   0x00000002   Code   RO         3028    i.HAL_UARTEx_RxEventCallback  stm32f1xx_hal_uart.o
    0x080029b2   0x080029b2   0x00000002   Code   RO         3042    i.HAL_UART_ErrorCallback  stm32f1xx_hal_uart.o
    0x080029b4   0x080029b4   0x0000026c   Code   RO         3045    i.HAL_UART_IRQHandler  stm32f1xx_hal_uart.o
    0x08002c20   0x08002c20   0x00000064   Code   RO         3046    i.HAL_UART_Init     stm32f1xx_hal_uart.o
    0x08002c84   0x08002c84   0x000000cc   Code   RO          452    i.HAL_UART_MspInit  usart.o
    0x08002d50   0x08002d50   0x00000002   Code   RO         3052    i.HAL_UART_RxCpltCallback  stm32f1xx_hal_uart.o
    0x08002d52   0x08002d52   0x000000a0   Code   RO         3054    i.HAL_UART_Transmit  stm32f1xx_hal_uart.o
    0x08002df2   0x08002df2   0x00000002   Code   RO         3057    i.HAL_UART_TxCpltCallback  stm32f1xx_hal_uart.o
    0x08002df4   0x08002df4   0x00000002   Code   RO          501    i.HardFault_Handler  stm32f1xx_it.o
    0x08002df6   0x08002df6   0x0000002e   Code   RO          683    i.I2C_IsAcknowledgeFailed  stm32f1xx_hal_i2c.o
    0x08002e24   0x08002e24   0x0000009c   Code   RO          687    i.I2C_MasterRequestWrite  stm32f1xx_hal_i2c.o
    0x08002ec0   0x08002ec0   0x000000fc   Code   RO          693    i.I2C_RequestMemoryRead  stm32f1xx_hal_i2c.o
    0x08002fbc   0x08002fbc   0x000000a8   Code   RO          694    i.I2C_RequestMemoryWrite  stm32f1xx_hal_i2c.o
    0x08003064   0x08003064   0x00000056   Code   RO          698    i.I2C_WaitOnBTFFlagUntilTimeout  stm32f1xx_hal_i2c.o
    0x080030ba   0x080030ba   0x00000002   PAD
    0x080030bc   0x080030bc   0x00000090   Code   RO          699    i.I2C_WaitOnFlagUntilTimeout  stm32f1xx_hal_i2c.o
    0x0800314c   0x0800314c   0x000000bc   Code   RO          700    i.I2C_WaitOnMasterAddressFlagUntilTimeout  stm32f1xx_hal_i2c.o
    0x08003208   0x08003208   0x00000070   Code   RO          701    i.I2C_WaitOnRXNEFlagUntilTimeout  stm32f1xx_hal_i2c.o
    0x08003278   0x08003278   0x00000056   Code   RO          702    i.I2C_WaitOnTXEFlagUntilTimeout  stm32f1xx_hal_i2c.o
    0x080032ce   0x080032ce   0x00000002   PAD
    0x080032d0   0x080032d0   0x000006e4   Code   RO         3659    i.MPU6050_Get_Angle_Plus  mpu6050.o
    0x080039b4   0x080039b4   0x00000030   Code   RO         3662    i.MPU6050_Read_REG  mpu6050.o
    0x080039e4   0x080039e4   0x000000a4   Code   RO         3663    i.MPU6050_Register_init  mpu6050.o
    0x08003a88   0x08003a88   0x00000028   Code   RO         3664    i.MPU6050_Write_REG  mpu6050.o
    0x08003ab0   0x08003ab0   0x00000080   Code   RO         3665    i.MPU6050_init      mpu6050.o
    0x08003b30   0x08003b30   0x00000094   Code   RO          313    i.MX_GPIO_Init      gpio.o
    0x08003bc4   0x08003bc4   0x00000040   Code   RO          339    i.MX_I2C2_Init      i2c.o
    0x08003c04   0x08003c04   0x00000068   Code   RO          384    i.MX_TIM1_Init      tim.o
    0x08003c6c   0x08003c6c   0x000000a4   Code   RO          385    i.MX_TIM3_Init      tim.o
    0x08003d10   0x08003d10   0x00000084   Code   RO          386    i.MX_TIM4_Init      tim.o
    0x08003d94   0x08003d94   0x00000038   Code   RO          453    i.MX_USART1_UART_Init  usart.o
    0x08003dcc   0x08003dcc   0x00000038   Code   RO          454    i.MX_USART2_UART_Init  usart.o
    0x08003e04   0x08003e04   0x00000002   Code   RO          502    i.MemManage_Handler  stm32f1xx_it.o
    0x08003e06   0x08003e06   0x00000002   PAD
    0x08003e08   0x08003e08   0x0000005c   Code   RO           14    i.Motor_Init        freertos_main.o
    0x08003e64   0x08003e64   0x00000084   Code   RO           15    i.Motor_Speed_Set   freertos_main.o
    0x08003ee8   0x08003ee8   0x00000002   Code   RO          503    i.NMI_Handler       stm32f1xx_it.o
    0x08003eea   0x08003eea   0x000000a2   Code   RO           16    i.PID_SingleLoop    freertos_main.o
    0x08003f8c   0x08003f8c   0x00000014   Code   RO          504    i.SysTick_Handler   stm32f1xx_it.o
    0x08003fa0   0x08003fa0   0x0000005e   Code   RO          265    i.SystemClock_Config  main.o
    0x08003ffe   0x08003ffe   0x00000002   Code   RO         3380    i.SystemInit        system_stm32f1xx.o
    0x08004000   0x08004000   0x0000009c   Code   RO         2138    i.TIM_Base_SetConfig  stm32f1xx_hal_tim.o
    0x0800409c   0x0800409c   0x0000001a   Code   RO         2139    i.TIM_CCxChannelCmd  stm32f1xx_hal_tim.o
    0x080040b6   0x080040b6   0x00000014   Code   RO         2149    i.TIM_ETR_SetConfig  stm32f1xx_hal_tim.o
    0x080040ca   0x080040ca   0x00000010   Code   RO         2150    i.TIM_ITRx_SetConfig  stm32f1xx_hal_tim.o
    0x080040da   0x080040da   0x00000002   PAD
    0x080040dc   0x080040dc   0x00000060   Code   RO         2151    i.TIM_OC1_SetConfig  stm32f1xx_hal_tim.o
    0x0800413c   0x0800413c   0x0000006c   Code   RO         2152    i.TIM_OC2_SetConfig  stm32f1xx_hal_tim.o
    0x080041a8   0x080041a8   0x00000068   Code   RO         2153    i.TIM_OC3_SetConfig  stm32f1xx_hal_tim.o
    0x08004210   0x08004210   0x00000050   Code   RO         2154    i.TIM_OC4_SetConfig  stm32f1xx_hal_tim.o
    0x08004260   0x08004260   0x00000022   Code   RO         2156    i.TIM_TI1_ConfigInputStage  stm32f1xx_hal_tim.o
    0x08004282   0x08004282   0x00000024   Code   RO         2158    i.TIM_TI2_ConfigInputStage  stm32f1xx_hal_tim.o
    0x080042a6   0x080042a6   0x00000010   Code   RO         3059    i.UART_DMAAbortOnError  stm32f1xx_hal_uart.o
    0x080042b6   0x080042b6   0x0000004e   Code   RO         3069    i.UART_EndRxTransfer  stm32f1xx_hal_uart.o
    0x08004304   0x08004304   0x000000c2   Code   RO         3071    i.UART_Receive_IT   stm32f1xx_hal_uart.o
    0x080043c6   0x080043c6   0x00000002   PAD
    0x080043c8   0x080043c8   0x000000b8   Code   RO         3072    i.UART_SetConfig    stm32f1xx_hal_uart.o
    0x08004480   0x08004480   0x00000072   Code   RO         3075    i.UART_WaitOnFlagUntilTimeout  stm32f1xx_hal_uart.o
    0x080044f2   0x080044f2   0x00000002   PAD
    0x080044f4   0x080044f4   0x0000000c   Code   RO          505    i.USART1_IRQHandler  stm32f1xx_it.o
    0x08004500   0x08004500   0x00000002   Code   RO          506    i.UsageFault_Handler  stm32f1xx_it.o
    0x08004502   0x08004502   0x00000028   Code   RO         9561    i.__ARM_fpclassify  m_ws.l(fpclassify.o)
    0x0800452a   0x0800452a   0x00000026   Code   RO         9467    i.__ARM_fpclassifyf  m_ws.l(fpclassifyf.o)
    0x08004550   0x08004550   0x00000020   Code   RO         1556    i.__NVIC_SetPriority  stm32f1xx_hal_cortex.o
    0x08004570   0x08004570   0x00000006   Code   RO         9470    i.__mathlib_flt_infnan  m_ws.l(funder.o)
    0x08004576   0x08004576   0x00000004   Code   RO         9471    i.__mathlib_flt_infnan2  m_ws.l(funder.o)
    0x0800457a   0x0800457a   0x00000008   Code   RO         9472    i.__mathlib_flt_invalid  m_ws.l(funder.o)
    0x08004582   0x08004582   0x0000000a   Code   RO         9475    i.__mathlib_flt_underflow  m_ws.l(funder.o)
    0x0800458c   0x0800458c   0x0000000e   Code   RO         9304    i._is_digit         c_w.l(__printf_wp.o)
    0x0800459a   0x0800459a   0x00000002   PAD
    0x0800459c   0x0800459c   0x00000124   Code   RO         9381    i.asinf             m_ws.l(asinf.o)
    0x080046c0   0x080046c0   0x0000025c   Code   RO         9397    i.atan2f            m_ws.l(atan2f.o)
    0x0800491c   0x0800491c   0x000000f8   Code   RO         3472    i.key_pd            key.o
    0x08004a14   0x08004a14   0x00000098   Code   RO         3473    i.key_scan          key.o
    0x08004aac   0x08004aac   0x00000050   Code   RO          266    i.main              main.o
    0x08004afc   0x08004afc   0x00000014   Code   RO         3553    i.menu_clamp        menu.o
    0x08004b10   0x08004b10   0x00000108   Code   RO         3554    i.op_main           menu.o
    0x08004c18   0x08004c18   0x00000034   Code   RO         3555    i.op_power          menu.o
    0x08004c4c   0x08004c4c   0x00000024   Code   RO         3556    i.op_settings       menu.o
    0x08004c70   0x08004c70   0x00000088   Code   RO         4260    i.prvAddCurrentTaskToDelayedList  tasks.o
    0x08004cf8   0x08004cf8   0x000000f0   Code   RO         4261    i.prvAddNewTaskToReadyList  tasks.o
    0x08004de8   0x08004de8   0x00000014   Code   RO         4262    i.prvDeleteTCB      tasks.o
    0x08004dfc   0x08004dfc   0x00000044   Code   RO         4561    i.prvHeapInit       heap_4.o
    0x08004e40   0x08004e40   0x00000060   Code   RO         4263    i.prvIdleTask       tasks.o
    0x08004ea0   0x08004ea0   0x00000070   Code   RO         4264    i.prvInitialiseNewTask  tasks.o
    0x08004f10   0x08004f10   0x0000004c   Code   RO         4562    i.prvInsertBlockIntoFreeList  heap_4.o
    0x08004f5c   0x08004f5c   0x0000001c   Code   RO         4265    i.prvResetNextTaskUnblockTime  tasks.o
    0x08004f78   0x08004f78   0x00000010   Code   RO         4623    i.prvTaskExitError  port.o
    0x08004f88   0x08004f88   0x00000098   Code   RO         4564    i.pvPortMalloc      heap_4.o
    0x08005020   0x08005020   0x00000024   Code   RO         4624    i.pxPortInitialiseStack  port.o
    0x08005044   0x08005044   0x0000004c   Code   RO         9405    i.sqrt              m_ws.l(sqrt.o)
    0x08005090   0x08005090   0x0000002c   Code   RO         9485    i.sqrtf             m_ws.l(sqrtf.o)
    0x080050bc   0x080050bc   0x000000c4   Code   RO           17    i.start_task        freertos_main.o
    0x08005180   0x08005180   0x000000c0   Code   RO           18    i.task1             freertos_main.o
    0x08005240   0x08005240   0x0000010c   Code   RO           19    i.task2             freertos_main.o
    0x0800534c   0x0800534c   0x0000005c   Code   RO           20    i.task3             freertos_main.o
    0x080053a8   0x080053a8   0x00000008   Code   RO           21    i.task4             freertos_main.o
    0x080053b0   0x080053b0   0x00000034   Code   RO         3557    i.test1             menu.o
    0x080053e4   0x080053e4   0x00000034   Code   RO         3558    i.test2             menu.o
    0x08005418   0x08005418   0x00000012   Code   RO         5377    i.u8g2_ClearBuffer  u8g2_buffer.o
    0x0800542a   0x0800542a   0x00000044   Code   RO         5341    i.u8g2_DrawBox      u8g2_box.o
    0x0800546e   0x0800546e   0x00000070   Code   RO         5580    i.u8g2_DrawGlyph    u8g2_font.o
    0x080054de   0x080054de   0x00000002   PAD
    0x080054e0   0x080054e0   0x000000ac   Code   RO         7835    i.u8g2_DrawHVLine   u8g2_hvline.o
    0x0800558c   0x0800558c   0x00000010   Code   RO         5582    i.u8g2_DrawStr      u8g2_font.o
    0x0800559c   0x0800559c   0x00000030   Code   RO         7896    i.u8g2_IsIntersection  u8g2_intersection.o
    0x080055cc   0x080055cc   0x00000012   Code   RO         5380    i.u8g2_SendBuffer   u8g2_buffer.o
    0x080055de   0x080055de   0x00000020   Code   RO         5598    i.u8g2_SetFont      u8g2_font.o
    0x080055fe   0x080055fe   0x00000002   PAD
    0x08005600   0x08005600   0x0000000c   Code   RO         5601    i.u8g2_SetFontPosBaseline  u8g2_font.o
    0x0800560c   0x0800560c   0x0000001c   Code   RO         8084    i.u8g2_SetMaxClipWindow  u8g2_setup.o
    0x08005628   0x08005628   0x00000046   Code   RO         8085    i.u8g2_SetupBuffer  u8g2_setup.o
    0x0800566e   0x0800566e   0x00000002   PAD
    0x08005670   0x08005670   0x00000038   Code   RO         5566    i.u8g2_Setup_ssd1306_i2c_128x32_univision_f  u8g2_d_setup.o
    0x080056a8   0x080056a8   0x00000052   Code   RO         5608    i.u8g2_UpdateRefHeight  u8g2_font.o
    0x080056fa   0x080056fa   0x0000001c   Code   RO         5609    i.u8g2_add_vector_x  u8g2_font.o
    0x08005716   0x08005716   0x0000001c   Code   RO         5610    i.u8g2_add_vector_y  u8g2_font.o
    0x08005732   0x08005732   0x0000006e   Code   RO         8087    i.u8g2_apply_clip_window  u8g2_setup.o
    0x080057a0   0x080057a0   0x0000003c   Code   RO         7839    i.u8g2_clip_intersection2  u8g2_hvline.o
    0x080057dc   0x080057dc   0x00000012   Code   RO         7840    i.u8g2_draw_hv_line_2dir  u8g2_hvline.o
    0x080057ee   0x080057ee   0x0000000c   Code   RO         8089    i.u8g2_draw_l90_r0  u8g2_setup.o
    0x080057fa   0x080057fa   0x00000076   Code   RO         5611    i.u8g2_draw_string  u8g2_font.o
    0x08005870   0x08005870   0x00000004   Code   RO         5617    i.u8g2_font_calc_vref_font  u8g2_font.o
    0x08005874   0x08005874   0x00000014   Code   RO         5619    i.u8g2_font_decode_get_signed_bits  u8g2_font.o
    0x08005888   0x08005888   0x00000034   Code   RO         5620    i.u8g2_font_decode_get_unsigned_bits  u8g2_font.o
    0x080058bc   0x080058bc   0x00000114   Code   RO         5621    i.u8g2_font_decode_glyph  u8g2_font.o
    0x080059d0   0x080059d0   0x0000008c   Code   RO         5622    i.u8g2_font_decode_len  u8g2_font.o
    0x08005a5c   0x08005a5c   0x00000072   Code   RO         5623    i.u8g2_font_get_glyph_data  u8g2_font.o
    0x08005ace   0x08005ace   0x00000014   Code   RO         5624    i.u8g2_font_get_word  u8g2_font.o
    0x08005ae2   0x08005ae2   0x00000034   Code   RO         5625    i.u8g2_font_setup_decode  u8g2_font.o
    0x08005b16   0x08005b16   0x00000018   Code   RO         7897    i.u8g2_is_intersection_decision_tree  u8g2_intersection.o
    0x08005b2e   0x08005b2e   0x0000008e   Code   RO         7945    i.u8g2_ll_hvline_vertical_top_lsb  u8g2_ll_hvline.o
    0x08005bbc   0x08005bbc   0x0000000c   Code   RO         5553    i.u8g2_m_16_4_f     u8g2_d_memory.o
    0x08005bc8   0x08005bc8   0x0000006a   Code   RO         5626    i.u8g2_read_font_info  u8g2_font.o
    0x08005c32   0x08005c32   0x0000004e   Code   RO         5388    i.u8g2_send_buffer  u8g2_buffer.o
    0x08005c80   0x08005c80   0x00000060   Code   RO          267    i.u8g2_stm32_delay  main.o
    0x08005ce0   0x08005ce0   0x00000046   Code   RO         8094    i.u8g2_update_dimension_common  u8g2_setup.o
    0x08005d26   0x08005d26   0x00000004   Code   RO         8095    i.u8g2_update_dimension_r0  u8g2_setup.o
    0x08005d2a   0x08005d2a   0x00000022   Code   RO         8099    i.u8g2_update_page_win_r0  u8g2_setup.o
    0x08005d4c   0x08005d4c   0x0000001e   Code   RO         8861    i.u8x8_DrawTile     u8x8_display.o
    0x08005d6a   0x08005d6a   0x00000010   Code   RO         8863    i.u8x8_InitDisplay  u8x8_display.o
    0x08005d7a   0x08005d7a   0x00000010   Code   RO         8865    i.u8x8_RefreshDisplay  u8x8_display.o
    0x08005d8a   0x08005d8a   0x00000010   Code   RO         8868    i.u8x8_SetPowerSave  u8x8_display.o
    0x08005d9a   0x08005d9a   0x00000022   Code   RO         9167    i.u8x8_Setup        u8x8_setup.o
    0x08005dbc   0x08005dbc   0x00000024   Code   RO         9168    i.u8x8_SetupDefaults  u8x8_setup.o
    0x08005de0   0x08005de0   0x00000010   Code   RO         8869    i.u8x8_SetupMemory  u8x8_display.o
    0x08005df0   0x08005df0   0x0000000e   Code   RO         8373    i.u8x8_ascii_next   u8x8_8x8.o
    0x08005dfe   0x08005dfe   0x00000010   Code   RO         8501    i.u8x8_byte_EndTransfer  u8x8_byte.o
    0x08005e0e   0x08005e0e   0x0000000e   Code   RO         8502    i.u8x8_byte_SendByte  u8x8_byte.o
    0x08005e1c   0x08005e1c   0x00000010   Code   RO         8505    i.u8x8_byte_StartTransfer  u8x8_byte.o
    0x08005e2c   0x08005e2c   0x00000064   Code   RO         8507    i.u8x8_byte_hw_i2c  u8x8_byte.o
    0x08005e90   0x08005e90   0x00000010   Code   RO         8637    i.u8x8_cad_EndTransfer  u8x8_cad.o
    0x08005ea0   0x08005ea0   0x00000010   Code   RO         8638    i.u8x8_cad_SendArg  u8x8_cad.o
    0x08005eb0   0x08005eb0   0x00000010   Code   RO         8639    i.u8x8_cad_SendCmd  u8x8_cad.o
    0x08005ec0   0x08005ec0   0x00000010   Code   RO         8640    i.u8x8_cad_SendData  u8x8_cad.o
    0x08005ed0   0x08005ed0   0x00000068   Code   RO         8642    i.u8x8_cad_SendSequence  u8x8_cad.o
    0x08005f38   0x08005f38   0x00000010   Code   RO         8643    i.u8x8_cad_StartTransfer  u8x8_cad.o
    0x08005f48   0x08005f48   0x000000bc   Code   RO         8646    i.u8x8_cad_ssd13xx_fast_i2c  u8x8_cad.o
    0x08006004   0x08006004   0x00000060   Code   RO         8870    i.u8x8_d_helper_display_init  u8x8_display.o
    0x08006064   0x08006064   0x0000000a   Code   RO         8871    i.u8x8_d_helper_display_setup_memory  u8x8_display.o
    0x0800606e   0x0800606e   0x00000002   PAD
    0x08006070   0x08006070   0x000000d4   Code   RO         8816    i.u8x8_d_ssd1306_128x32_generic  u8x8_d_ssd1306_128x32.o
    0x08006144   0x08006144   0x0000001c   Code   RO         8817    i.u8x8_d_ssd1306_128x32_univision  u8x8_d_ssd1306_128x32.o
    0x08006160   0x08006160   0x00000004   Code   RO         9170    i.u8x8_dummy_cb     u8x8_setup.o
    0x08006164   0x08006164   0x0000000c   Code   RO         9089    i.u8x8_gpio_call    u8x8_gpio.o
    0x08006170   0x08006170   0x0000002c   Code   RO         8654    i.u8x8_i2c_data_transfer  u8x8_cad.o
    0x0800619c   0x0800619c   0x00000008   Code   RO         8381    i.u8x8_utf8_init    u8x8_8x8.o
    0x080061a4   0x080061a4   0x00000026   Code   RO         3951    i.uxListRemove      list.o
    0x080061ca   0x080061ca   0x00000016   Code   RO         3952    i.vListInitialise   list.o
    0x080061e0   0x080061e0   0x00000006   Code   RO         3953    i.vListInitialiseItem  list.o
    0x080061e6   0x080061e6   0x00000030   Code   RO         3954    i.vListInsert       list.o
    0x08006216   0x08006216   0x00000018   Code   RO         3955    i.vListInsertEnd    list.o
    0x0800622e   0x0800622e   0x00000002   PAD
    0x08006230   0x08006230   0x0000001c   Code   RO         4626    i.vPortEnterCritical  port.o
    0x0800624c   0x0800624c   0x00000014   Code   RO         4627    i.vPortExitCritical  port.o
    0x08006260   0x08006260   0x00000044   Code   RO         4565    i.vPortFree         heap_4.o
    0x080062a4   0x080062a4   0x00000018   Code   RO         4628    i.vPortSetupTimerInterrupt  port.o
    0x080062bc   0x080062bc   0x00000030   Code   RO         4273    i.vTaskDelay        tasks.o
    0x080062ec   0x080062ec   0x0000009c   Code   RO         4274    i.vTaskDelete       tasks.o
    0x08006388   0x08006388   0x00000050   Code   RO         4285    i.vTaskStartScheduler  tasks.o
    0x080063d8   0x080063d8   0x00000010   Code   RO         4287    i.vTaskSuspendAll   tasks.o
    0x080063e8   0x080063e8   0x00000044   Code   RO         4288    i.vTaskSwitchContext  tasks.o
    0x0800642c   0x0800642c   0x00000030   Code   RO         4629    i.xPortStartScheduler  port.o
    0x0800645c   0x0800645c   0x0000002c   Code   RO         4630    i.xPortSysTickHandler  port.o
    0x08006488   0x08006488   0x0000005c   Code   RO         4291    i.xTaskCreate       tasks.o
    0x080064e4   0x080064e4   0x0000001c   Code   RO         4298    i.xTaskGetSchedulerState  tasks.o
    0x08006500   0x08006500   0x00000124   Code   RO         4301    i.xTaskIncrementTick  tasks.o
    0x08006624   0x08006624   0x00000118   Code   RO         4303    i.xTaskResumeAll    tasks.o
    0x0800673c   0x0800673c   0x0000002c   Code   RO         9549    locale$$code        c_w.l(lc_numeric_c.o)
    0x08006768   0x08006768   0x00000062   Code   RO         9328    x$fpl$d2f           fz_ws.l(d2f.o)
    0x080067ca   0x080067ca   0x00000002   PAD
    0x080067cc   0x080067cc   0x00000150   Code   RO         9330    x$fpl$dadd          fz_ws.l(daddsub_clz.o)
    0x0800691c   0x0800691c   0x000002b0   Code   RO         9337    x$fpl$ddiv          fz_ws.l(ddiv.o)
    0x08006bcc   0x08006bcc   0x00000154   Code   RO         9340    x$fpl$dmul          fz_ws.l(dmul.o)
    0x08006d20   0x08006d20   0x0000009c   Code   RO         9428    x$fpl$dnaninf       fz_ws.l(dnaninf.o)
    0x08006dbc   0x08006dbc   0x0000000c   Code   RO         9430    x$fpl$dretinf       fz_ws.l(dretinf.o)
    0x08006dc8   0x08006dc8   0x000001cc   Code   RO         9432    x$fpl$dsqrt         fz_ws.l(dsqrt_noumaal.o)
    0x08006f94   0x08006f94   0x000001d4   Code   RO         9332    x$fpl$dsub          fz_ws.l(daddsub_clz.o)
    0x08007168   0x08007168   0x00000056   Code   RO         9342    x$fpl$f2d           fz_ws.l(f2d.o)
    0x080071be   0x080071be   0x00000002   PAD
    0x080071c0   0x080071c0   0x000000c4   Code   RO         9344    x$fpl$fadd          fz_ws.l(faddsub_clz.o)
    0x08007284   0x08007284   0x0000000c   Code   RO         9434    x$fpl$fcheck1       fz_ws.l(fcheck1.o)
    0x08007290   0x08007290   0x00000018   Code   RO         9436    x$fpl$fcmpinf       fz_ws.l(fcmpi.o)
    0x080072a8   0x080072a8   0x00000184   Code   RO         9351    x$fpl$fdiv          fz_ws.l(fdiv.o)
    0x0800742c   0x0800742c   0x00000036   Code   RO         9356    x$fpl$ffix          fz_ws.l(ffix.o)
    0x08007462   0x08007462   0x00000002   PAD
    0x08007464   0x08007464   0x0000003e   Code   RO         9360    x$fpl$ffixu         fz_ws.l(ffixu.o)
    0x080074a2   0x080074a2   0x00000002   PAD
    0x080074a4   0x080074a4   0x00000030   Code   RO         9365    x$fpl$fflt          fz_ws.l(fflt_clz.o)
    0x080074d4   0x080074d4   0x00000026   Code   RO         9364    x$fpl$ffltu         fz_ws.l(fflt_clz.o)
    0x080074fa   0x080074fa   0x00000002   PAD
    0x080074fc   0x080074fc   0x00000068   Code   RO         9370    x$fpl$fleqf         fz_ws.l(fleqf.o)
    0x08007564   0x08007564   0x00000102   Code   RO         9372    x$fpl$fmul          fz_ws.l(fmul.o)
    0x08007666   0x08007666   0x0000008c   Code   RO         9438    x$fpl$fnaninf       fz_ws.l(fnaninf.o)
    0x080076f2   0x080076f2   0x0000000a   Code   RO         9440    x$fpl$fretinf       fz_ws.l(fretinf.o)
    0x080076fc   0x080076fc   0x00000062   Code   RO         9374    x$fpl$frleqf        fz_ws.l(frleqf.o)
    0x0800775e   0x0800775e   0x00000014   Code   RO         9345    x$fpl$frsb          fz_ws.l(faddsub_clz.o)
    0x08007772   0x08007772   0x00000002   PAD
    0x08007774   0x08007774   0x00000110   Code   RO         9553    x$fpl$fsqrt         fz_ws.l(fsqrt.o)
    0x08007884   0x08007884   0x000000ea   Code   RO         9346    x$fpl$fsub          fz_ws.l(faddsub_clz.o)
    0x0800796e   0x0800796e   0x00000004   Code   RO         9376    x$fpl$printf1       fz_ws.l(printf1.o)
    0x08007972   0x08007972   0x00000064   Code   RO         9557    x$fpl$retnan        fz_ws.l(retnan.o)
    0x080079d6   0x080079d6   0x0000004c   Code   RO         9378    x$fpl$scalbnf       fz_ws.l(scalbnf.o)
    0x08007a22   0x08007a22   0x00000030   Code   RO         9627    x$fpl$trapveneer    fz_ws.l(trapv.o)
    0x08007a52   0x08007a52   0x00000000   Code   RO         9442    x$fpl$usenofp       fz_ws.l(usenofp.o)
    0x08007a52   0x08007a52   0x00000012   Data   RO         1254    .constdata          stm32f1xx_hal_rcc.o
    0x08007a64   0x08007a64   0x00000010   Data   RO         3381    .constdata          system_stm32f1xx.o
    0x08007a74   0x08007a74   0x00000008   Data   RO         3382    .constdata          system_stm32f1xx.o
    0x08007a7c   0x08007a7c   0x0000003c   Data   RO         3559    .constdata          menu.o
    0x08007ab8   0x08007ab8   0x000007d0   Data   RO         5934    .constdata          u8g2_fonts.o
    0x08008288   0x08008288   0x000007c5   Data   RO         5940    .constdata          u8g2_fonts.o
    0x08008a4d   0x08008a4d   0x00000003   PAD
    0x08008a50   0x08008a50   0x0000000c   Data   RO         8103    .constdata          u8g2_setup.o
    0x08008a5c   0x08008a5c   0x000000cc   Data   RO         8819    .constdata          u8x8_d_ssd1306_128x32.o
    0x08008b28   0x08008b28   0x00000094   Data   RO         9524    .constdata          c_w.l(bigflt0.o)
    0x08008bbc   0x08008bbc   0x00000020   Data   RO         9707    Region$$Table       anon$$obj.o
    0x08008bdc   0x08008bdc   0x0000001c   Data   RO         9548    locale$$data        c_w.l(lc_numeric_c.o)


    Execution Region RW_IRAM1 (Exec base: 0x20000000, Load base: 0x08008bf8, Size: 0x00005140, Max: 0x0000c000, ABSOLUTE, COMPRESSED[0x00000058])

    Exec Addr    Load Addr    Size         Type   Attr      Idx    E Section Name        Object

    0x20000000   COMPRESSED   0x00000098   Data   RW           22    .data               freertos_main.o
    0x20000098   COMPRESSED   0x0000000c   Data   RW         1091    .data               stm32f1xx_hal.o
    0x200000a4   COMPRESSED   0x00000004   Data   RW         3383    .data               system_stm32f1xx.o
    0x200000a8   COMPRESSED   0x00000008   Data   RW         3560    .data               menu.o
    0x200000b0   COMPRESSED   0x00000040   Data   RW         3614    .data               ui_pid.o
    0x200000f0   COMPRESSED   0x00000040   Data   RW         3667    .data               mpu6050.o
    0x20000130   COMPRESSED   0x00000040   Data   RW         4306    .data               tasks.o
    0x20000170   COMPRESSED   0x0000001c   Data   RW         4571    .data               heap_4.o
    0x2000018c   COMPRESSED   0x00000004   Data   RW         4631    .data               port.o
    0x20000190   COMPRESSED   0x00000003   Data   RW         8513    .data               u8x8_byte.o
    0x20000193   COMPRESSED   0x00000006   Data   RW         8656    .data               u8x8_cad.o
    0x20000199   COMPRESSED   0x00000003   PAD
    0x2000019c        -       0x00000094   Zero   RW          268    .bss                main.o
    0x20000230        -       0x00000054   Zero   RW          340    .bss                i2c.o
    0x20000284        -       0x000000d8   Zero   RW          387    .bss                tim.o
    0x2000035c        -       0x00000090   Zero   RW          455    .bss                usart.o
    0x200003ec        -       0x0000000c   Zero   RW         3474    .bss                key.o
    0x200003f8        -       0x000000c8   Zero   RW         4305    .bss                tasks.o
    0x200004c0        -       0x00004400   Zero   RW         4570    .bss                heap_4.o
    0x200048c0        -       0x00000200   Zero   RW         5554    .bss                u8g2_d_memory.o
    0x20004ac0        -       0x00000020   Zero   RW         8512    .bss                u8x8_byte.o
    0x20004ae0        -       0x00000060   Zero   RW         9566    .bss                c_w.l(libspace.o)
    0x20004b40        -       0x00000200   Zero   RW            2    HEAP                startup_stm32f103xe.o
    0x20004d40        -       0x00000400   Zero   RW            1    STACK               startup_stm32f103xe.o


==============================================================================

Image component sizes


      Code (inc. data)   RO Data    RW Data    ZI Data      Debug   Object Name

         0          0          0          0          0       2648   event_groups.o
      1190        198          0        152          0     677127   freertos_main.o
       148         14          0          0          0       1055   gpio.o
       364         22          0         28      17408       4723   heap_4.o
       160         28          0          0         84       1841   i2c.o
       400         30          0          0         12       2929   key.o
       138          0          0          0          0       3302   list.o
       274         26          0          0        148       3422   main.o
       476        136         60          8          0       4739   menu.o
      2144         82          0         64          0      12987   mpu6050.o
         0          0          0          0          0     159410   mui_u8g2.o
       366         44          0          4          0       9608   port.o
        64         26        304          0       1536        852   startup_stm32f103xe.o
       148         24          0         12          0       6283   stm32f1xx_hal.o
       198         14          0          0          0      28911   stm32f1xx_hal_cortex.o
       374          8          0          0          0       1883   stm32f1xx_hal_dma.o
       524         42          0          0          0       3335   stm32f1xx_hal_gpio.o
      2838         72          0          0          0      13332   stm32f1xx_hal_i2c.o
        60          8          0          0          0        966   stm32f1xx_hal_msp.o
      1240         84         18          0          0       5132   stm32f1xx_hal_rcc.o
      1560        100          0          0          0      12419   stm32f1xx_hal_tim.o
       124         20          0          0          0       1392   stm32f1xx_hal_tim_ex.o
      1474         10          0          0          0       9740   stm32f1xx_hal_uart.o
        44          6          0          0          0       3891   stm32f1xx_it.o
         2          0         24          4          0       1251   system_stm32f1xx.o
      1692        116          0         64        200      26575   tasks.o
       652         76          0          0        216       4528   tim.o
        68          0          0          0          0        599   u8g2_box.o
       114          0          0          0          0       2447   u8g2_buffer.o
        12          4          0          0        512        904   u8g2_d_memory.o
        56         14          0          0          0       1040   u8g2_d_setup.o
      1212         10          0          0          0      12672   u8g2_font.o
         0          0       3989          0          0     145467   u8g2_fonts.o
       250          0          0          0          0       2427   u8g2_hvline.o
        72          0          0          0          0       1759   u8g2_intersection.o
       142          0          0          0          0       1290   u8g2_ll_hvline.o
       328          0         12          0          0     146891   u8g2_setup.o
        22          0          0          0          0       1889   u8x8_8x8.o
       146         12          0          3         32       4791   u8x8_byte.o
       416         12          0          6          0       7880   u8x8_cad.o
       240         14        204          0          0       2686   u8x8_d_ssd1306_128x32.o
       200          0          0          0          0       4330   u8x8_display.o
        12          0          0          0          0        553   u8x8_gpio.o
        74          4          0          0          0       1706   u8x8_setup.o
         0          0          0         64          0        712   ui_pid.o
       316         34          0          0        144       2643   usart.o

    ----------------------------------------------------------------------
     20366       1290       4646        412      20292    1346967   Object Totals
         0          0         32          0          0          0   (incl. Generated)
        32          0          3          3          0          0   (incl. Padding)

    ----------------------------------------------------------------------

      Code (inc. data)   RO Data    RW Data    ZI Data      Debug   Library Member Name

        90          0          0          0          0          0   __dczerorl2.o
         8          0          0          0          0         68   __main.o
       284          0          0          0          0        156   __printf_wp.o
         0          0          0          0          0          0   __rtentry.o
        12          0          0          0          0          0   __rtentry2.o
         6          0          0          0          0          0   __rtentry4.o
        52          8          0          0          0          0   __scatter.o
        28          0          0          0          0          0   __scatter_zi.o
        48          6          0          0          0         96   _printf_char_common.o
         6          0          0          0          0          0   _printf_f.o
      1050          0          0          0          0        216   _printf_fp_dec.o
       128         16          0          0          0         84   _printf_fp_infnan.o
         0          0          0          0          0          0   _printf_percent.o
         4          0          0          0          0          0   _printf_percent_end.o
        22          0          0          0          0        100   _rserrno.o
        16          0          0          0          0         68   _snputc.o
        10          0          0          0          0         68   _sputc.o
       220          4        148          0          0         96   bigflt0.o
      1910        128          0          0          0        672   btod.o
        12          0          0          0          0         72   exit.o
         6          0          0          0          0        152   heapauxi.o
         0          0          0          0          0          0   indicate_semi.o
        44         10         28          0          0         76   lc_numeric_c.o
         2          0          0          0          0          0   libinit.o
        18          0          0          0          0          0   libinit2.o
         2          0          0          0          0          0   libshutdown.o
         2          0          0          0          0          0   libshutdown2.o
         8          4          0          0         96         68   libspace.o
       138          0          0          0          0         80   lludiv10.o
        52          4          0          0          0         84   noretval__2snprintf.o
        40          6          0          0          0         84   noretval__2sprintf.o
         8          4          0          0          0         68   rt_errno_addr_intlibspace.o
         8          4          0          0          0         68   rt_locale_intlibspace.o
        68          0          0          0          0         68   rt_memclr.o
        78          0          0          0          0         80   rt_memclr_w.o
         2          0          0          0          0          0   rtexit.o
        10          0          0          0          0          0   rtexit2.o
       128          0          0          0          0         68   strcmpv7m.o
        62          0          0          0          0         76   strlen.o
        12          4          0          0          0         68   sys_exit.o
        74          0          0          0          0         80   sys_stackheap_outer.o
         2          0          0          0          0         68   use_no_semi.o
        98          4          0          0          0         92   d2f.o
       804         16          0          0          0        272   daddsub_clz.o
       688        140          0          0          0        208   ddiv.o
       340         12          0          0          0        104   dmul.o
       156          4          0          0          0         92   dnaninf.o
        12          0          0          0          0         68   dretinf.o
       460         56          0          0          0        120   dsqrt_noumaal.o
        86          4          0          0          0         84   f2d.o
       450          8          0          0          0        236   faddsub_clz.o
        12          4          0          0          0         68   fcheck1.o
        24          0          0          0          0         68   fcmpi.o
       388         76          0          0          0         96   fdiv.o
        54          4          0          0          0         84   ffix.o
        62          4          0          0          0         84   ffixu.o
        86          0          0          0          0        136   fflt_clz.o
       104          4          0          0          0         84   fleqf.o
       258          4          0          0          0         84   fmul.o
       140          4          0          0          0         84   fnaninf.o
        10          0          0          0          0         68   fretinf.o
        98          0          0          0          0         68   frleqf.o
       272        100          0          0          0         88   fsqrt.o
         4          0          0          0          0         68   printf1.o
       100          0          0          0          0         68   retnan.o
        76          0          0          0          0         68   scalbnf.o
        48          0          0          0          0         68   trapv.o
         0          0          0          0          0          0   usenofp.o
       292         38          0          0          0        120   asinf.o
       604         76          0          0          0        116   atan2f.o
        40          0          0          0          0         68   fpclassify.o
        38          0          0          0          0         68   fpclassifyf.o
        28          0          0          0          0        272   funder.o
        76          0          0          0          0         84   sqrt.o
        44          0          0          0          0         80   sqrtf.o

    ----------------------------------------------------------------------
     10644        756        176          0         96       6252   Library Totals
        22          0          0          0          0          0   (incl. Padding)

    ----------------------------------------------------------------------

      Code (inc. data)   RO Data    RW Data    ZI Data      Debug   Library Name

      4670        198        176          0         96       2884   c_w.l
      4830        444          0          0          0       2560   fz_ws.l
      1122        114          0          0          0        808   m_ws.l

    ----------------------------------------------------------------------
     10644        756        176          0         96       6252   Library Totals

    ----------------------------------------------------------------------

==============================================================================


      Code (inc. data)   RO Data    RW Data    ZI Data      Debug   

     31010       2046       4822        412      20388    1339279   Grand Totals
     31010       2046       4822         88      20388    1339279   ELF Image Totals (compressed)
     31010       2046       4822         88          0          0   ROM Totals

==============================================================================

    Total RO  Size (Code + RO Data)                35832 (  34.99kB)
    Total RW  Size (RW Data + ZI Data)             20800 (  20.31kB)
    Total ROM Size (Code + RO Data + RW Data)      35920 (  35.08kB)

==============================================================================

