<html>
<body>
<pre>
<h1>µVision Build Log</h1>
<h2>Tool Versions:</h2>
IDE-Version: ¦ÌVision V5.42.0.0
Copyright (C) 2025 ARM Ltd and ARM Germany GmbH. All rights reserved.
License Information: 1 1, 1, LIC=ATTQ1-CQHQ6-Y8TFK-ZXJJZ-75GI3-IDTMB
 
Tool Versions:
Toolchain:       MDK-ARM Plus  Version: 5.42.0.0
Toolchain Path:  E:\Applications\Coding & Environmental Application\keil\core\ARM\ARMCC\Bin
C Compiler:      Armcc.exe V5.05 update 1 (build 106)
Assembler:       Armasm.exe V5.05 update 1 (build 106)
Linker/Locator:  ArmLink.exe V5.05 update 1 (build 106)
Library Manager: ArmAr.exe V5.05 update 1 (build 106)
Hex Converter:   FromElf.exe V5.05 update 1 (build 106)
CPU DLL:         SARMCM3.DLL V5.42.0.0
Dialog DLL:      DCM.DLL V1.17.5.0
Target DLL:      STLink\ST-LINKIII-KEIL_SWO.dll V3.3.0.0
Dialog DLL:      TCM.DLL V1.56.6.0
 
<h2>Project:</h2>
C:\Users\FUNSKII\Desktop\Drone Project\Drone Project - ÍÓÂÝÒÇ\Drone Project\Motor_DeviceDriver\MDK-ARM\Motor_DeviceDriver.uvprojx
Project File Date:  09/16/2025

<h2>Output:</h2>
*** Using Compiler 'V5.05 update 1 (build 106)', folder: 'E:\Applications\Coding & Environmental Application\keil\core\ARM\ARMCC\Bin'
Build target 'Motor_DeviceDriver'
compiling FreeRTOS_main.c...
../Peripheral/menu.h(56): warning:  #1-D: last line of file ends without a newline
  #endif
FreeRTOS_main.c: 1 warning, 0 errors
linking...
Program Size: Code=31010 RO-data=4822 RW-data=412 ZI-data=20388  
FromELF: creating hex file...
"Motor_DeviceDriver\Motor_DeviceDriver.axf" - 0 Error(s), 1 Warning(s).

<h2>Software Packages used:</h2>

Package Vendor: ARM
                https://www.keil.com/pack/ARM.CMSIS.6.1.0.pack
                ARM::CMSIS@6.1.0
                CMSIS (Common Microcontroller Software Interface Standard)
   * Component: CORE Version: 6.1.0

Package Vendor: Keil
                https://www.keil.com/pack/Keil.STM32F1xx_DFP.2.4.1.pack
                Keil::STM32F1xx_DFP@2.4.1
                STMicroelectronics STM32F1 Series Device Support, Drivers and Examples

<h2>Collection of Component include folders:</h2>
  ./RTE/_Motor_DeviceDriver
  E:/Applications/Coding & Environmental Application/keil/pack/ARM/CMSIS/6.1.0/CMSIS/Core/Include
  E:/Applications/Coding & Environmental Application/keil/pack/Keil/STM32F1xx_DFP/2.4.1/Device/Include

<h2>Collection of Component Files used:</h2>

   * Component: ARM::CMSIS:CORE@6.1.0
      Include file:  CMSIS/Core/Include/tz_context.h
Build Time Elapsed:  00:00:03
</pre>
</body>
</html>
