../Core/Extend/C_Cpp/MPU6050.c:13:6:MPU6050_Write_REG	40	static
../Core/Extend/C_Cpp/MPU6050.c:19:9:MPU6050_Read_REG	40	static
../Core/Extend/C_Cpp/MPU6050.c:113:13:MPU6050_Register_init	24	static
../Core/Extend/C_Cpp/MPU6050.c:139:13:MPU6050_SoftCalibrate_Z	32	static
../Core/Extend/C_Cpp/MPU6050.c:163:14:KalmanFilter_Update	24	static
../Core/Extend/C_Cpp/MPU6050.c:181:6:MPU6050_init	24	static
../Core/Extend/C_Cpp/MPU6050.c:195:6:MPU6050_Get_Raw	24	static
../Core/Extend/C_Cpp/MPU6050.c:205:7:MPU6050_GetTemp	24	static
../Core/Extend/C_Cpp/MPU6050.c:212:6:MPU6050_Get_Angle	80	static
../Core/Extend/C_Cpp/MPU6050.c:281:6:MPU6050_Get_Angle_Plus	144	static
../Core/Extend/C_Cpp/MPU6050.c:408:9:MPU6050_ID	8	static
